 raiders3d

 Timestamp is 48acdb2a (Thu Aug 21 11:04:10 2008)

 Preferred load address is 00400000

 Start         Length     Name                   Class
 0001:00000000 000e7c12H .textbss                DATA
 0002:00000000 001d44b8H .text                   CODE
 0002:001d44c0 00001214H .text$x                 CODE
 0002:001d56e0 00001015H .text$yd                CODE
 0003:00000000 00000104H .CRT$XCA                DATA
 0003:00000104 00000104H .CRT$XCZ                DATA
 0003:00000208 00000104H .CRT$XIA                DATA
 0003:0000030c 00000118H .CRT$XIC                DATA
 0003:00000424 00000104H .CRT$XIY                DATA
 0003:00000528 00000104H .CRT$XIZ                DATA
 0003:0000062c 00000104H .CRT$XPA                DATA
 0003:00000730 00000109H .CRT$XPX                DATA
 0003:0000083c 00000104H .CRT$XPXA               DATA
 0003:00000940 00000104H .CRT$XPZ                DATA
 0003:00000a44 00000104H .CRT$XTA                DATA
 0003:00000b48 00000104H .CRT$XTZ                DATA
 0003:00000c50 0001ec17H .rdata                  DATA
 0003:0001f868 00000162H .rdata$debug            DATA
 0003:0001f9cc 0000038eH .rdata$r                DATA
 0003:0001fd5c 00000104H .rtc$IAA                DATA
 0003:0001fe60 00000143H .rtc$IMZ                DATA
 0003:0001ffa4 00000104H .rtc$IZZ                DATA
 0003:000200a8 00000104H .rtc$TAA                DATA
 0003:000201ac 00000143H .rtc$TMZ                DATA
 0003:000202f0 00000104H .rtc$TZZ                DATA
 0003:000203f8 000014a5H .xdata$x                DATA
 0003:0002189d 00000000H .edata                  DATA
 0004:00000000 00002459H .data                   DATA
 0004:00002460 010041e4H .bss                    DATA
 0005:00000000 000000a0H .idata$2                DATA
 0005:000000a0 00000014H .idata$3                DATA
 0005:000000b4 000003fcH .idata$4                DATA
 0005:000004b0 000003fcH .idata$5                DATA
 0005:000008ac 00000c16H .idata$6                DATA
 0006:00000000 00000169H .rsrc$01                DATA
 0006:00000170 00000a99H .rsrc$02                DATA

  Address         Publics by Value              Rva+Base       Lib:Object

 0000:00000000       ___safe_se_handler_table   00000000     <absolute>
 0000:00000000       __except_list              00000000     <absolute>
 0000:00000000       ___safe_se_handler_count   00000000     <absolute>
 0000:00000000       ___ImageBase               00400000     <linker-defined>
 0001:00000000       __enc$textbss$begin        00401000     <linker-defined>
 0001:000e7c12       __enc$textbss$end          004e8c12     <linker-defined>
 0002:00004970       ?WindowProc@@YGJPAUHWND__@@IIJ@Z 004ed970 f   demoII15_1.obj
 0002:00004aa0       _WinMain@16                004edaa0 f   demoII15_1.obj
 0002:00004ea0       ?Game_Init@@YAHPAX@Z       004edea0 f   demoII15_1.obj
 0002:000056c0       ?VECTOR4D_INITXYZ@@YAXPAUVECTOR4D_TYP@@MMM@Z 004ee6c0 f i demoII15_1.obj
 0002:00005740       ?Game_Shutdown@@YAHPAX@Z   004ee740 f   demoII15_1.obj
 0002:000057c0       ?Game_Main@@YAHPAX@Z       004ee7c0 f   demoII15_1.obj
 0002:00007650       ?allocate@?$_DebugHeapAllocator@D@std@@QAAPADIPBX@Z 004f0650 f i demoII15_1.obj
 0002:00007710       ??0bad_alloc@std@@QAE@PBD@Z 004f0710 f i demoII15_1.obj
 0002:00007780       ??1bad_alloc@std@@UAE@XZ   004f0780 f i demoII15_1.obj
 0002:000077e0       ??_Ebad_alloc@std@@UAEPAXI@Z 004f07e0 f i demoII15_1.obj
 0002:000077e0       ??_Gbad_alloc@std@@UAEPAXI@Z 004f07e0 f i demoII15_1.obj
 0002:00007850       ?allocate@?$_DebugHeapAllocator@D@std@@QAEPADI@Z 004f0850 f i demoII15_1.obj
 0002:00007910       ?deallocate@?$_DebugHeapAllocator@D@std@@QAEXPADI@Z 004f0910 f i demoII15_1.obj
 0002:00007970       ??0bad_alloc@std@@QAE@ABV01@@Z 004f0970 f i demoII15_1.obj
 0002:000079e0       ??0?$_DebugHeapAllocator@D@std@@QAE@XZ 004f09e0 f i demoII15_1.obj
 0002:00007a40       ??0?$allocator@D@std@@QAE@XZ 004f0a40 f i demoII15_1.obj
 0002:00007a80       ??0?$_DebugHeapAllocator@D@std@@QAE@ABV01@@Z 004f0a80 f i demoII15_1.obj
 0002:00007ae0       ??0?$allocator@D@std@@QAE@ABV01@@Z 004f0ae0 f i demoII15_1.obj
 0002:00007b20       ??$_DebugHeapDelete@X@std@@YAXPAX@Z 004f0b20 f i demoII15_1.obj
 0002:00007b80       ?RGB16Bit565@@YAGHHH@Z     004f0b80 f   t3dlib1.obj
 0002:00007c00       ?RGB16Bit555@@YAGHHH@Z     004f0c00 f   t3dlib1.obj
 0002:00007c80       ?Create_BOB@@YAHPAUBOB_TYP@@HHHHHHHGH@Z 004f0c80 f   t3dlib1.obj
 0002:00008010       ?Clone_BOB@@YAHPAUBOB_TYP@@0@Z 004f1010 f   t3dlib1.obj
 0002:00008090       ?Destroy_BOB@@YAHPAUBOB_TYP@@@Z 004f1090 f   t3dlib1.obj
 0002:00008250       ?Draw_BOB@@YAHPAUBOB_TYP@@PAUIDirectDrawSurface7@@@Z 004f1250 f   t3dlib1.obj
 0002:00008400       ?Draw_Scaled_BOB@@YAHPAUBOB_TYP@@HHPAUIDirectDrawSurface7@@@Z 004f1400 f   t3dlib1.obj
 0002:000085b0       ?Draw_BOB16@@YAHPAUBOB_TYP@@PAUIDirectDrawSurface7@@@Z 004f15b0 f   t3dlib1.obj
 0002:00008760       ?Draw_Scaled_BOB16@@YAHPAUBOB_TYP@@HHPAUIDirectDrawSurface7@@@Z 004f1760 f   t3dlib1.obj
 0002:00008910       ?Load_Frame_BOB@@YAHPAUBOB_TYP@@PAUBITMAP_FILE_TAG@@HHHH@Z 004f1910 f   t3dlib1.obj
 0002:00008b30       ?Load_Frame_BOB16@@YAHPAUBOB_TYP@@PAUBITMAP_FILE_TAG@@HHHH@Z 004f1b30 f   t3dlib1.obj
 0002:00008d60       ?Animate_BOB@@YAHPAUBOB_TYP@@@Z 004f1d60 f   t3dlib1.obj
 0002:00008fe0       ?Scroll_BOB@@YAHXZ         004f1fe0 f   t3dlib1.obj
 0002:00009020       ?Move_BOB@@YAHPAUBOB_TYP@@@Z 004f2020 f   t3dlib1.obj
 0002:000092c0       ?Load_Animation_BOB@@YAHPAUBOB_TYP@@HHPAH@Z 004f22c0 f   t3dlib1.obj
 0002:000093d0       ?Set_Pos_BOB@@YAHPAUBOB_TYP@@HH@Z 004f23d0 f   t3dlib1.obj
 0002:00009440       ?Set_Anim_Speed_BOB@@YAHPAUBOB_TYP@@H@Z 004f2440 f   t3dlib1.obj
 0002:00009490       ?Set_Animation_BOB@@YAHPAUBOB_TYP@@H@Z 004f2490 f   t3dlib1.obj
 0002:000094f0       ?Set_Vel_BOB@@YAHPAUBOB_TYP@@HH@Z 004f24f0 f   t3dlib1.obj
 0002:00009560       ?Hide_BOB@@YAHPAUBOB_TYP@@@Z 004f2560 f   t3dlib1.obj
 0002:000095c0       ?Show_BOB@@YAHPAUBOB_TYP@@@Z 004f25c0 f   t3dlib1.obj
 0002:00009620       ?Collision_BOBS@@YAHPAUBOB_TYP@@0@Z 004f2620 f   t3dlib1.obj
 0002:000097b0       ?DDraw_Init@@YAHHHHH@Z     004f27b0 f   t3dlib1.obj
 0002:00009e10       ?DDraw_Shutdown@@YAHXZ     004f2e10 f   t3dlib1.obj
 0002:00009f70       ?DDraw_Attach_Clipper@@YAPAUIDirectDrawClipper@@PAUIDirectDrawSurface7@@HPAUtagRECT@@@Z 004f2f70 f   t3dlib1.obj
 0002:0000a250       ?DDraw_Create_Surface@@YAPAUIDirectDrawSurface7@@HHHG@Z 004f3250 f   t3dlib1.obj
 0002:0000a3d0       ?DDraw_Flip@@YAHXZ         004f33d0 f   t3dlib1.obj
 0002:0000a560       ?DDraw_Wait_For_Vsync@@YAHXZ 004f3560 f   t3dlib1.obj
 0002:0000a5d0       ?DDraw_Fill_Surface@@YAHPAUIDirectDrawSurface7@@GPAUtagRECT@@@Z 004f35d0 f   t3dlib1.obj
 0002:0000a6b0       ?DDraw_Lock_Surface@@YAPAEPAUIDirectDrawSurface7@@PAH@Z 004f36b0 f   t3dlib1.obj
 0002:0000a770       ?DDraw_Unlock_Surface@@YAHPAUIDirectDrawSurface7@@@Z 004f3770 f   t3dlib1.obj
 0002:0000a7f0       ?DDraw_Lock_Primary_Surface@@YAPAEXZ 004f37f0 f   t3dlib1.obj
 0002:0000a8c0       ?DDraw_Unlock_Primary_Surface@@YAHXZ 004f38c0 f   t3dlib1.obj
 0002:0000a960       ?DDraw_Lock_Back_Surface@@YAPAEXZ 004f3960 f   t3dlib1.obj
 0002:0000aa30       ?DDraw_Unlock_Back_Surface@@YAHXZ 004f3a30 f   t3dlib1.obj
 0002:0000aad0       ?Get_Clock@@YAKXZ          004f3ad0 f   t3dlib1.obj
 0002:0000ab30       ?Start_Clock@@YAKXZ        004f3b30 f   t3dlib1.obj
 0002:0000ab90       ?Wait_Clock@@YAKK@Z        004f3b90 f   t3dlib1.obj
 0002:0000abf0       ?Draw_Clip_Line16@@YAHHHHHHPAEH@Z 004f3bf0 f   t3dlib1.obj
 0002:0000ad20       ?Draw_Clip_Line@@YAHHHHHHPAEH@Z 004f3d20 f   t3dlib1.obj
 0002:0000ae50       ?Clip_Line@@YAHAAH000@Z    004f3e50 f   t3dlib1.obj
 0002:0000bae0       ?Draw_Line@@YAHHHHHHPAEH@Z 004f4ae0 f   t3dlib1.obj
 0002:0000bc90       ?Draw_Line16@@YAHHHHHHPAEH@Z 004f4c90 f   t3dlib1.obj
 0002:0000be60       ?Draw_Pixel@@YAHHHHPAEH@Z  004f4e60 f   t3dlib1.obj
 0002:0000beb0       ?Draw_Pixel16@@YAHHHHPAEH@Z 004f4eb0 f   t3dlib1.obj
 0002:0000bf10       ?Draw_Rectangle@@YAHHHHHHPAUIDirectDrawSurface7@@@Z 004f4f10 f   t3dlib1.obj
 0002:0000c020       ?Set_Palette_Entry@@YAHHPAUtagPALETTEENTRY@@@Z 004f5020 f   t3dlib1.obj
 0002:0000c0b0       ?Get_Palette_Entry@@YAHHPAUtagPALETTEENTRY@@@Z 004f50b0 f   t3dlib1.obj
 0002:0000c100       ?Load_Palette_From_File@@YAHPADPAUtagPALETTEENTRY@@@Z 004f5100 f   t3dlib1.obj
 0002:0000c1f0       ?Save_Palette_To_File@@YAHPADPAUtagPALETTEENTRY@@@Z 004f51f0 f   t3dlib1.obj
 0002:0000c2e0       ?Save_Palette@@YAHPAUtagPALETTEENTRY@@@Z 004f52e0 f   t3dlib1.obj
 0002:0000c330       ?Set_Palette@@YAHPAUtagPALETTEENTRY@@@Z 004f5330 f   t3dlib1.obj
 0002:0000c3c0       ?Rotate_Colors@@YAHHH@Z    004f53c0 f   t3dlib1.obj
 0002:0000c540       ?Blink_Colors@@YAHHPAUBLINKER_TYP@@H@Z 004f5540 f   t3dlib1.obj
 0002:0000ca40       ?Draw_Text_GDI@@YAHPADHHKPAUIDirectDrawSurface7@@@Z 004f5a40 f   t3dlib1.obj
 0002:0000cbd0       ?Draw_Text_GDI@@YAHPADHHHPAUIDirectDrawSurface7@@@Z 004f5bd0 f   t3dlib1.obj
 0002:0000cd90       ?Open_Error_File@@YAHPADPAU_iobuf@@@Z 004f5d90 f   t3dlib1.obj
 0002:0000cf80       ?Close_Error_File@@YAHXZ   004f5f80 f   t3dlib1.obj
 0002:0000d030       ?Write_Error@@YAHPADZZ     004f6030 f   t3dlib1.obj
 0002:0000d130       ?Create_Bitmap@@YAHPAUBITMAP_IMAGE_TYP@@HHHHH@Z 004f6130 f   t3dlib1.obj
 0002:0000d250       ?Destroy_Bitmap@@YAHPAUBITMAP_IMAGE_TYP@@@Z 004f6250 f   t3dlib1.obj
 0002:0000d2f0       ?Draw_Bitmap@@YAHPAUBITMAP_IMAGE_TYP@@PAEHH@Z 004f62f0 f   t3dlib1.obj
 0002:0000d470       ?Draw_Bitmap16@@YAHPAUBITMAP_IMAGE_TYP@@PAEHH@Z 004f6470 f   t3dlib1.obj
 0002:0000d620       ?Load_Image_Bitmap@@YAHPAUBITMAP_IMAGE_TYP@@PAUBITMAP_FILE_TAG@@HHH@Z 004f6620 f   t3dlib1.obj
 0002:0000d760       ?Load_Image_Bitmap16@@YAHPAUBITMAP_IMAGE_TYP@@PAUBITMAP_FILE_TAG@@HHH@Z 004f6760 f   t3dlib1.obj
 0002:0000d8b0       ?Scroll_Bitmap@@YAHPAUBITMAP_IMAGE_TYP@@HH@Z 004f68b0 f   t3dlib1.obj
 0002:0000dbd0       ?Copy_Bitmap@@YAHPAUBITMAP_IMAGE_TYP@@HH0HHHH@Z 004f6bd0 f   t3dlib1.obj
 0002:0000dcf0       ?Load_Bitmap_File@@YAHPAUBITMAP_FILE_TAG@@PAD@Z 004f6cf0 f   t3dlib1.obj
 0002:0000e370       ?Unload_Bitmap_File@@YAHPAUBITMAP_FILE_TAG@@@Z 004f7370 f   t3dlib1.obj
 0002:0000e3f0       ?Flip_Bitmap@@YAHPAEHH@Z   004f73f0 f   t3dlib1.obj
 0002:0000e4e0       ?HLine16@@YAXHHHHPAEH@Z    004f74e0 f   t3dlib1.obj
 0002:0000e640       ?Mem_Set_WORD@@YAXPAXGH@Z  004f7640 f i t3dlib1.obj
 0002:0000e690       ?VLine16@@YAXHHHHPAEH@Z    004f7690 f   t3dlib1.obj
 0002:0000e800       ?HLine@@YAXHHHHPAEH@Z      004f7800 f   t3dlib1.obj
 0002:0000e940       ?VLine@@YAXHHHHPAEH@Z      004f7940 f   t3dlib1.obj
 0002:0000ea90       ?Screen_Transitions@@YAXHPAEH@Z 004f7a90 f   t3dlib1.obj
 0002:0000fab0       ?Collision_Test@@YAHHHHHHHHH@Z 004f8ab0 f   t3dlib1.obj
 0002:0000fbb0       ?Color_Scan@@YAHHHHHEEPAEH@Z 004f8bb0 f   t3dlib1.obj
 0002:0000fd30       ?Color_Scan16@@YAHHHHHGGPAEH@Z 004f8d30 f   t3dlib1.obj
 0002:0000fed0       ?Scan_Image_Bitmap@@YAHPAUBITMAP_FILE_TAG@@PAUIDirectDrawSurface7@@HH@Z 004f8ed0 f   t3dlib1.obj
 0002:00010070       ?Draw_Top_Tri@@YAXHHHHHHHPAEH@Z 004f9070 f   t3dlib1.obj
 0002:00010470       ?Draw_Bottom_Tri@@YAXHHHHHHHPAEH@Z 004f9470 f   t3dlib1.obj
 0002:00010850       ?Draw_Top_Tri16@@YAXHHHHHHHPAEH@Z 004f9850 f   t3dlib1.obj
 0002:00010c60       ?Draw_Bottom_Tri16@@YAXHHHHHHHPAEH@Z 004f9c60 f   t3dlib1.obj
 0002:00011070       ?Draw_TriangleFP_2D@@YAXHHHHHHHPAEH@Z 004fa070 f   t3dlib1.obj
 0002:00011360       ?Draw_Triangle_2D@@YAXHHHHHHHPAEH@Z 004fa360 f   t3dlib1.obj
 0002:00011650       ?Draw_Triangle_2D16@@YAXHHHHHHHPAEH@Z 004fa650 f   t3dlib1.obj
 0002:00011940       ?Draw_Top_TriFP@@YAXHHHHHHHPAEH@Z 004fa940 f   t3dlib1.obj
 0002:00011c50       ?Draw_Bottom_TriFP@@YAXHHHHHHHPAEH@Z 004fac50 f   t3dlib1.obj
 0002:00011f60       ?Fast_Distance_2D@@YAHHH@Z 004faf60 f   t3dlib1.obj
 0002:00012000       ?Fast_Distance_3D@@YAMMMM@Z 004fb000 f   t3dlib1.obj
 0002:00012140       ?fabs@@YAMM@Z              004fb140 f i t3dlib1.obj
 0002:000121a0       _fabsf                     004fb1a0 f i t3dlib1.obj
 0002:000121f0       ?Find_Bounding_Box_Poly2D@@YAHPAUPOLYGON2D_TYP@@AAM111@Z 004fb1f0 f   t3dlib1.obj
 0002:000123a0       ?Draw_Filled_Polygon2D@@YAXPAUPOLYGON2D_TYP@@PAEH@Z 004fb3a0 f   t3dlib1.obj
 0002:00013100       ?Draw_Filled_Polygon2D16@@YAXPAUPOLYGON2D_TYP@@PAEH@Z 004fc100 f   t3dlib1.obj
 0002:00013eb0       ?Build_Sin_Cos_Tables@@YAXXZ 004fceb0 f   t3dlib1.obj
 0002:00013f80       ?cos@@YAMM@Z               004fcf80 f i t3dlib1.obj
 0002:00013fe0       _cosf                      004fcfe0 f i t3dlib1.obj
 0002:00014040       ?sin@@YAMM@Z               004fd040 f i t3dlib1.obj
 0002:000140a0       _sinf                      004fd0a0 f i t3dlib1.obj
 0002:00014100       ?Translate_Polygon2D@@YAHPAUPOLYGON2D_TYP@@HH@Z 004fd100 f   t3dlib1.obj
 0002:00014170       ?Rotate_Polygon2D@@YAHPAUPOLYGON2D_TYP@@H@Z 004fd170 f   t3dlib1.obj
 0002:000142f0       ?Scale_Polygon2D@@YAHPAUPOLYGON2D_TYP@@MM@Z 004fd2f0 f   t3dlib1.obj
 0002:000143c0       ?Draw_Polygon2D16@@YAHPAUPOLYGON2D_TYP@@PAEH@Z 004fd3c0 f   t3dlib1.obj
 0002:000145f0       ?Draw_Polygon2D@@YAHPAUPOLYGON2D_TYP@@PAEH@Z 004fd5f0 f   t3dlib1.obj
 0002:00014820       ?Translate_Polygon2D_Mat@@YAHPAUPOLYGON2D_TYP@@HH@Z 004fd820 f   t3dlib1.obj
 0002:00014990       ?Mat_Init_3X2@@YAHPAUMATRIX3X2_TYP@@MMMMMM@Z 004fd990 f i t3dlib1.obj
 0002:00014a30       ?Rotate_Polygon2D_Mat@@YAHPAUPOLYGON2D_TYP@@H@Z 004fda30 f   t3dlib1.obj
 0002:00014c30       ?Scale_Polygon2D_Mat@@YAHPAUPOLYGON2D_TYP@@MM@Z 004fdc30 f   t3dlib1.obj
 0002:00014df0       ?Mat_Mul_3X3@@YAHPAUMATRIX3X3_TYP@@00@Z 004fddf0 f   t3dlib1.obj
 0002:00014f10       ?Mat_Mul_1X3_3X3@@YAHPAUMATRIX1X3_TYP@@PAUMATRIX3X3_TYP@@0@Z 004fdf10 f   t3dlib1.obj
 0002:00014ff0       ?Mat_Mul_1X2_3X2@@YAHPAUMATRIX1X2_TYP@@PAUMATRIX3X2_TYP@@0@Z 004fdff0 f   t3dlib1.obj
 0002:00015110       ?Draw_Triangle_2DZB2_16@@YAXPAUPOLYF4DV2_TYP@@PAEH1H@Z 004fe110 f   t3dlib10.obj
 0002:00017240       ?Draw_Textured_TriangleZB2_16@@YAXPAUPOLYF4DV2_TYP@@PAEH1H@Z 00500240 f   t3dlib10.obj
 0002:0001a420       ?Draw_Textured_Bilerp_TriangleZB_16@@YAXPAUPOLYF4DV2_TYP@@PAEH1H@Z 00503420 f   t3dlib10.obj
 0002:0001e590       ?Draw_Textured_TriangleFSZB2_16@@YAXPAUPOLYF4DV2_TYP@@PAEH1H@Z 00507590 f   t3dlib10.obj
 0002:00021b20       ?Draw_Textured_TriangleGSZB_16@@YAXPAUPOLYF4DV2_TYP@@PAEH1H@Z 0050ab20 f   t3dlib10.obj
 0002:000268e0       ?Draw_Gouraud_TriangleZB2_16@@YAXPAUPOLYF4DV2_TYP@@PAEH1H@Z 0050f8e0 f   t3dlib10.obj
 0002:0002a380       ?Draw_RENDERLIST4DV2_SolidZB2_16@@YAXPAURENDERLIST4DV2_TYP@@PAEH1H@Z 00513380 f   t3dlib10.obj
 0002:0002ab60       ?Draw_RENDERLIST4DV2_Solid2_16@@YAXPAURENDERLIST4DV2_TYP@@PAEH@Z 00513b60 f   t3dlib10.obj
 0002:0002b310       ?Draw_Triangle_2D3_16@@YAXPAUPOLYF4DV2_TYP@@PAEH@Z 00514310 f   t3dlib10.obj
 0002:0002c9b0       ?Draw_Textured_Triangle2_16@@YAXPAUPOLYF4DV2_TYP@@PAEH@Z 005159b0 f   t3dlib10.obj
 0002:0002f170       ?Draw_Textured_Bilerp_Triangle_16@@YAXPAUPOLYF4DV2_TYP@@PAEH@Z 00518170 f   t3dlib10.obj
 0002:000328e0       ?Draw_Textured_TriangleFS2_16@@YAXPAUPOLYF4DV2_TYP@@PAEH@Z 0051b8e0 f   t3dlib10.obj
 0002:00035470       ?Draw_Textured_Perspective_Triangle_16@@YAXPAUPOLYF4DV2_TYP@@PAEH@Z 0051e470 f   t3dlib10.obj
 0002:00038450       ?Draw_Textured_PerspectiveLP_Triangle_16@@YAXPAUPOLYF4DV2_TYP@@PAEH@Z 00521450 f   t3dlib10.obj
 0002:0003b620       ?Draw_Textured_Perspective_Triangle_FS_16@@YAXPAUPOLYF4DV2_TYP@@PAEH@Z 00524620 f   t3dlib10.obj
 0002:0003e9b0       ?Draw_Textured_PerspectiveLP_Triangle_FS_16@@YAXPAUPOLYF4DV2_TYP@@PAEH@Z 005279b0 f   t3dlib10.obj
 0002:00041f40       ?Draw_Textured_TriangleGS_16@@YAXPAUPOLYF4DV2_TYP@@PAEH@Z 0052af40 f   t3dlib10.obj
 0002:000462f0       ?Draw_Gouraud_Triangle2_16@@YAXPAUPOLYF4DV2_TYP@@PAEH@Z 0052f2f0 f   t3dlib10.obj
 0002:00049390       ?Draw_RENDERLIST4DV2_Solid_Alpha16@@YAXPAURENDERLIST4DV2_TYP@@PAEHH@Z 00532390 f   t3dlib10.obj
 0002:00049cf0       ?Draw_Triangle_2D_Alpha16@@YAXPAUPOLYF4DV2_TYP@@PAEHH@Z 00532cf0 f   t3dlib10.obj
 0002:0004b470       ?Draw_Textured_Triangle_Alpha16@@YAXPAUPOLYF4DV2_TYP@@PAEHH@Z 00534470 f   t3dlib10.obj
 0002:0004dd40       ?Draw_Textured_TriangleFS_Alpha16@@YAXPAUPOLYF4DV2_TYP@@PAEHH@Z 00536d40 f   t3dlib10.obj
 0002:000509c0       ?Draw_Textured_TriangleGS_Alpha16@@YAXPAUPOLYF4DV2_TYP@@PAEHH@Z 005399c0 f   t3dlib10.obj
 0002:00054e60       ?Draw_Gouraud_Triangle_Alpha16@@YAXPAUPOLYF4DV2_TYP@@PAEHH@Z 0053de60 f   t3dlib10.obj
 0002:00058000       ?Draw_Triangle_2DZB_Alpha16@@YAXPAUPOLYF4DV2_TYP@@PAEH1HH@Z 00541000 f   t3dlib10.obj
 0002:0005a240       ?Draw_Textured_TriangleZB_Alpha16@@YAXPAUPOLYF4DV2_TYP@@PAEH1HH@Z 00543240 f   t3dlib10.obj
 0002:0005d510       ?Draw_Textured_TriangleFSZB_Alpha16@@YAXPAUPOLYF4DV2_TYP@@PAEH1HH@Z 00546510 f   t3dlib10.obj
 0002:00060b90       ?Draw_Textured_TriangleGSZB_Alpha16@@YAXPAUPOLYF4DV2_TYP@@PAEH1HH@Z 00549b90 f   t3dlib10.obj
 0002:00065a40       ?Draw_Gouraud_TriangleZB_Alpha16@@YAXPAUPOLYF4DV2_TYP@@PAEH1HH@Z 0054ea40 f   t3dlib10.obj
 0002:000695d0       ?Draw_RENDERLIST4DV2_SolidZB_Alpha16@@YAXPAURENDERLIST4DV2_TYP@@PAEH1HH@Z 005525d0 f   t3dlib10.obj
 0002:00069f90       ?RGB_Alpha_Table_Builder@@YAHHQAY0BAAAA@G@Z 00552f90 f   t3dlib10.obj
 0002:0006a150       ?Load_OBJECT4DV2_COB2@@YAHPAUOBJECT4DV2_TYP@@PADPAUVECTOR4D_TYP@@22HH@Z 00553150 f   t3dlib10.obj
 0002:0006e450       ?VECTOR4D_COPY@@YAXPAUVECTOR4D_TYP@@0@Z 00557450 f i t3dlib10.obj
 0002:0006e4c0       ?Generate_Terrain2_OBJECT4DV2@@YAHPAUOBJECT4DV2_TYP@@MMMPAD1HPAUVECTOR4D_TYP@@2HMH@Z 005574c0 f   t3dlib10.obj
 0002:0006fd70       ?Draw_Textured_TriangleINVZB_16@@YAXPAUPOLYF4DV2_TYP@@PAEH1H@Z 00558d70 f   t3dlib10.obj
 0002:00072ec0       ?Draw_Textured_Bilerp_TriangleINVZB_16@@YAXPAUPOLYF4DV2_TYP@@PAEH1H@Z 0055bec0 f   t3dlib10.obj
 0002:00076fa0       ?Draw_Textured_Perspective_Triangle_INVZB_16@@YAXPAUPOLYF4DV2_TYP@@PAEH1H@Z 0055ffa0 f   t3dlib10.obj
 0002:0007a160       ?Draw_Textured_PerspectiveLP_Triangle_INVZB_16@@YAXPAUPOLYF4DV2_TYP@@PAEH1H@Z 00563160 f   t3dlib10.obj
 0002:0007d520       ?Draw_Textured_Perspective_Triangle_FSINVZB_16@@YAXPAUPOLYF4DV2_TYP@@PAEH1H@Z 00566520 f   t3dlib10.obj
 0002:00080a90       ?Draw_Textured_PerspectiveLP_Triangle_FSINVZB_16@@YAXPAUPOLYF4DV2_TYP@@PAEH1H@Z 00569a90 f   t3dlib10.obj
 0002:00084210       ?Draw_Triangle_2DINVZB_16@@YAXPAUPOLYF4DV2_TYP@@PAEH1H@Z 0056d210 f   t3dlib10.obj
 0002:000862a0       ?Draw_Textured_TriangleFSINVZB_16@@YAXPAUPOLYF4DV2_TYP@@PAEH1H@Z 0056f2a0 f   t3dlib10.obj
 0002:000897a0       ?Draw_Textured_TriangleGSINVZB_16@@YAXPAUPOLYF4DV2_TYP@@PAEH1H@Z 005727a0 f   t3dlib10.obj
 0002:0008e4e0       ?Draw_Gouraud_TriangleINVZB_16@@YAXPAUPOLYF4DV2_TYP@@PAEH1H@Z 005774e0 f   t3dlib10.obj
 0002:00091ef0       ?Draw_RENDERLIST4DV2_SolidINVZB_16@@YAXPAURENDERLIST4DV2_TYP@@PAEH1H@Z 0057aef0 f   t3dlib10.obj
 0002:00092850       ?Draw_RENDERLIST4DV2_Hybrid_Textured_SolidINVZB_16@@YAXPAURENDERLIST4DV2_TYP@@PAEH1HMM@Z 0057b850 f   t3dlib10.obj
 0002:00093360       ?Draw_Triangle_2DINVZB_Alpha16@@YAXPAUPOLYF4DV2_TYP@@PAEH1HH@Z 0057c360 f   t3dlib10.obj
 0002:00095500       ?Draw_Textured_TriangleINVZB_Alpha16@@YAXPAUPOLYF4DV2_TYP@@PAEH1HH@Z 0057e500 f   t3dlib10.obj
 0002:00098740       ?Draw_Textured_Perspective_Triangle_INVZB_Alpha16@@YAXPAUPOLYF4DV2_TYP@@PAEH1HH@Z 00581740 f   t3dlib10.obj
 0002:0009ba00       ?Draw_Textured_PerspectiveLP_Triangle_INVZB_Alpha16@@YAXPAUPOLYF4DV2_TYP@@PAEH1HH@Z 00584a00 f   t3dlib10.obj
 0002:0009eeb0       ?Draw_Textured_Perspective_Triangle_FSINVZB_Alpha16@@YAXPAUPOLYF4DV2_TYP@@PAEH1HH@Z 00587eb0 f   t3dlib10.obj
 0002:000a2510       ?Draw_Textured_PerspectiveLP_Triangle_FSINVZB_Alpha16@@YAXPAUPOLYF4DV2_TYP@@PAEH1HH@Z 0058b510 f   t3dlib10.obj
 0002:000a5d80       ?Draw_Textured_TriangleFSINVZB_Alpha16@@YAXPAUPOLYF4DV2_TYP@@PAEH1HH@Z 0058ed80 f   t3dlib10.obj
 0002:000a9370       ?Draw_Textured_TriangleGSINVZB_Alpha16@@YAXPAUPOLYF4DV2_TYP@@PAEH1HH@Z 00592370 f   t3dlib10.obj
 0002:000ae1a0       ?Draw_Gouraud_TriangleINVZB_Alpha16@@YAXPAUPOLYF4DV2_TYP@@PAEH1HH@Z 005971a0 f   t3dlib10.obj
 0002:000b1ca0       ?Draw_RENDERLIST4DV2_SolidINVZB_Alpha16@@YAXPAURENDERLIST4DV2_TYP@@PAEH1HH@Z 0059aca0 f   t3dlib10.obj
 0002:000b2660       ?DDraw_Init2@@YAHHHHHH@Z   0059b660 f   t3dlib10.obj
 0002:000b2d30       ?DDraw_Flip2@@YAHXZ        0059bd30 f   t3dlib10.obj
 0002:000b2fa0       ?Generate_Mipmaps@@YAHPAUBITMAP_IMAGE_TYP@@PAPAU1@M@Z 0059bfa0 f   t3dlib10.obj
 0002:000b35d0       ?Delete_Mipmaps@@YAHPAPAUBITMAP_IMAGE_TYP@@H@Z 0059c5d0 f   t3dlib10.obj
 0002:000b36e0       ?Draw_RENDERLIST4DV2_RENDERCONTEXTV1_16@@YAXPAURENDERCONTEXTV1_TYP@@@Z 0059c6e0 f   t3dlib10.obj
 0002:000b7840       ?Transform_RENDERLIST4DV2@@YAXPAURENDERLIST4DV2_TYP@@PAUMATRIX4X4_TYP@@H@Z 005a0840 f   t3dlib10.obj
 0002:000b7bd0       ?Intersect_Lines@@YAXMMMMMMMMPAM0@Z 005a0bd0 f   T3dlib11.obj
 0002:000b7e20       ?Bsp_Build_Tree@@YAXPAUBSPNODEV1_TYP@@@Z 005a0e20 f   T3dlib11.obj
 0002:000b9220       ?Bsp_Print@@YAXPAUBSPNODEV1_TYP@@@Z 005a2220 f   T3dlib11.obj
 0002:000b95b0       ?Bsp_Delete@@YAXPAUBSPNODEV1_TYP@@@Z 005a25b0 f   T3dlib11.obj
 0002:000b9650       ?Bsp_Insertion_Traversal_RENDERLIST4DV2@@YAXPAURENDERLIST4DV2_TYP@@PAUBSPNODEV1_TYP@@PAUCAM4DV1_TYP@@H@Z 005a2650 f   T3dlib11.obj
 0002:000b9fc0       ?Bsp_Insertion_Traversal_RemoveBF_RENDERLIST4DV2@@YAXPAURENDERLIST4DV2_TYP@@PAUBSPNODEV1_TYP@@PAUCAM4DV1_TYP@@H@Z 005a2fc0 f   T3dlib11.obj
 0002:000baa30       ?Bsp_Insertion_Traversal_FrustrumCull_RENDERLIST4DV2@@YAXPAURENDERLIST4DV2_TYP@@PAUBSPNODEV1_TYP@@PAUCAM4DV1_TYP@@H@Z 005a3a30 f   T3dlib11.obj
 0002:000bb4a0       ?Bsp_Transform@@YAXPAUBSPNODEV1_TYP@@PAUMATRIX4X4_TYP@@H@Z 005a44a0 f   T3dlib11.obj
 0002:000bb840       ?Bsp_Translate@@YAXPAUBSPNODEV1_TYP@@PAUVECTOR4D_TYP@@@Z 005a4840 f   T3dlib11.obj
 0002:000bb9c0       ?Build_Inverse_Cos_Table@@YAXPAMH@Z 005a49c0 f   T3dlib11.obj
 0002:000bbb10       ?acos@@YAMM@Z              005a4b10 f i T3dlib11.obj
 0002:000bbb70       _acosf                     005a4b70 f i T3dlib11.obj
 0002:000bbbd0       ?Draw_RENDERLIST4DV2_RENDERCONTEXTV1_16_2@@YAXPAURENDERCONTEXTV1_TYP@@@Z 005a4bd0 f   T3dlib11.obj
 0002:000c13b0       ?Draw_Textured_TriangleWTZB2_16@@YAXPAUPOLYF4DV2_TYP@@PAEH1H@Z 005aa3b0 f   T3dlib11.obj
 0002:000c4510       ?Draw_Textured_TriangleFSWTZB2_16@@YAXPAUPOLYF4DV2_TYP@@PAEH1H@Z 005ad510 f   T3dlib11.obj
 0002:000c7a20       ?Draw_Textured_TriangleGSWTZB_16@@YAXPAUPOLYF4DV2_TYP@@PAEH1H@Z 005b0a20 f   T3dlib11.obj
 0002:000cc760       ?Draw_Triangle_2DWTZB_16@@YAXPAUPOLYF4DV2_TYP@@PAEH1H@Z 005b5760 f   T3dlib11.obj
 0002:000ce810       ?Draw_Gouraud_TriangleWTZB2_16@@YAXPAUPOLYF4DV2_TYP@@PAEH1H@Z 005b7810 f   T3dlib11.obj
 0002:000d2240       ?BHV_Reset_Tree@@YAXPAUBHV_NODEV1_TYP@@@Z 005bb240 f   T3dlib11.obj
 0002:000d22c0       ?BHV_FrustrumCull@@YAHPAUBHV_NODEV1_TYP@@PAUCAM4DV1_TYP@@H@Z 005bb2c0 f   T3dlib11.obj
 0002:000d26a0       ?BHV_Build_Tree@@YAXPAUBHV_NODEV1_TYP@@PAUOBJ_CONTAINERV1_TYP@@HHHH@Z 005bb6a0 f   T3dlib11.obj
 0002:000d34a0       ?Draw_RENDERLIST4DV2_RENDERCONTEXTV1_16_3@@YAXPAURENDERCONTEXTV1_TYP@@@Z 005bc4a0 f   T3dlib12.obj
 0002:000d8c80       ?Draw_Textured_TriangleWTZB3_16@@YAXPAUPOLYF4DV2_TYP@@PAEH1H@Z 005c1c80 f   T3dlib12.obj
 0002:000dbe60       ?Draw_Textured_TriangleFSWTZB3_16@@YAXPAUPOLYF4DV2_TYP@@PAEH1H@Z 005c4e60 f   T3dlib12.obj
 0002:000df3b0       ?Draw_Textured_TriangleGSWTZB2_16@@YAXPAUPOLYF4DV2_TYP@@PAEH1H@Z 005c83b0 f   T3dlib12.obj
 0002:000e4140       ?Draw_Textured_Triangle_Alpha16_2@@YAXPAUPOLYF4DV2_TYP@@PAEHH@Z 005cd140 f   T3dlib12.obj
 0002:000e6a90       ?Draw_Textured_TriangleZB_Alpha16_2@@YAXPAUPOLYF4DV2_TYP@@PAEH1HH@Z 005cfa90 f   T3dlib12.obj
 0002:000e9dd0       ?Draw_Textured_TriangleWTZB_Alpha16_2@@YAXPAUPOLYF4DV2_TYP@@PAEH1HH@Z 005d2dd0 f   T3dlib12.obj
 0002:000ed0a0       ?Draw_Textured_TriangleZB3_16@@YAXPAUPOLYF4DV2_TYP@@PAEH1H@Z 005d60a0 f   T3dlib12.obj
 0002:000f02f0       ?Set_Animation_MD2@@YAHPAUMD2_CONTAINER_TYP@@HH@Z 005d92f0 f   T3dlib13.obj
 0002:000f03a0       ?Animate_MD2@@YAHPAUMD2_CONTAINER_TYP@@@Z 005d93a0 f   T3dlib13.obj
 0002:000f0500       ?Extract_MD2_Frame@@YAHPAUOBJECT4DV2_TYP@@PAUMD2_CONTAINER_TYP@@@Z 005d9500 f   T3dlib13.obj
 0002:000f09d0       ?Load_Object_MD2@@YAHPAUMD2_CONTAINER_TYP@@PADPAUVECTOR4D_TYP@@221HHH@Z 005d99d0 f   T3dlib13.obj
 0002:000f15b0       ?Prepare_OBJECT4DV2_For_MD2@@YAHPAUOBJECT4DV2_TYP@@PAUMD2_CONTAINER_TYP@@@Z 005da5b0 f   T3dlib13.obj
 0002:000f1f60       ?sqrt@@YAMM@Z              005daf60 f i T3dlib13.obj
 0002:000f1fc0       _sqrtf                     005dafc0 f i T3dlib13.obj
 0002:000f2020       ?Start_Fast_Timer@@YAXXZ   005db020 f   T3dlib13.obj
 0002:000f20e0       ?Wait_Fast_Timer@@YAXH@Z   005db0e0 f   T3dlib13.obj
 0002:000f2210       ?DInput_Enum_Joysticks@@YGHPBUDIDEVICEINSTANCEA@@PAX@Z 005db210 f   t3dlib2.obj
 0002:000f22f0       ?DInput_Init@@YAHXZ        005db2f0 f   t3dlib2.obj
 0002:000f2370       ?DInput_Shutdown@@YAXXZ    005db370 f   t3dlib2.obj
 0002:000f23e0       ?DInput_Init_Joystick@@YAHHHHHH@Z 005db3e0 f   t3dlib2.obj
 0002:000f2720       ?DInput_Init_Mouse@@YAHXZ  005db720 f   t3dlib2.obj
 0002:000f2840       ?DInput_Init_Keyboard@@YAHXZ 005db840 f   t3dlib2.obj
 0002:000f2960       ?DInput_Read_Joystick@@YAHXZ 005db960 f   t3dlib2.obj
 0002:000f2a40       ?DInput_Read_Mouse@@YAHXZ  005dba40 f   t3dlib2.obj
 0002:000f2af0       ?DInput_Read_Keyboard@@YAHXZ 005dbaf0 f   t3dlib2.obj
 0002:000f2ba0       ?DInput_Release_Joystick@@YAXXZ 005dbba0 f   t3dlib2.obj
 0002:000f2c30       ?DInput_Release_Mouse@@YAXXZ 005dbc30 f   t3dlib2.obj
 0002:000f2cc0       ?DInput_Release_Keyboard@@YAXXZ 005dbcc0 f   t3dlib2.obj
 0002:000f2d50       ?DSound_Load_WAV@@YAHPADH@Z 005dbd50 f   t3dlib3.obj
 0002:000f3420       ?DSound_Replicate_Sound@@YAHH@Z 005dc420 f   t3dlib3.obj
 0002:000f3590       ?DSound_Init@@YAHXZ        005dc590 f   t3dlib3.obj
 0002:000f3750       ?DSound_Shutdown@@YAHXZ    005dc750 f   t3dlib3.obj
 0002:000f3840       ?DSound_Play@@YAHHHHHH@Z   005dc840 f   t3dlib3.obj
 0002:000f3920       ?DSound_Set_Volume@@YAHHH@Z 005dc920 f   t3dlib3.obj
 0002:000f39c0       ?DSound_Set_Freq@@YAHHH@Z  005dc9c0 f   t3dlib3.obj
 0002:000f3a50       ?DSound_Set_Pan@@YAHHH@Z   005dca50 f   t3dlib3.obj
 0002:000f3ae0       ?DSound_Stop_Sound@@YAHH@Z 005dcae0 f   t3dlib3.obj
 0002:000f3ba0       ?DSound_Delete_All_Sounds@@YAHXZ 005dcba0 f   t3dlib3.obj
 0002:000f3c20       ?DSound_Delete_Sound@@YAHH@Z 005dcc20 f   t3dlib3.obj
 0002:000f3ce0       ?DSound_Stop_All_Sounds@@YAHXZ 005dcce0 f   t3dlib3.obj
 0002:000f3d60       ?DSound_Status_Sound@@YAHH@Z 005dcd60 f   t3dlib3.obj
 0002:000f3e30       ?DMusic_Load_MIDI@@YAHPAD@Z 005dce30 f   t3dlib3.obj
 0002:000f42c0       ?DMusic_Play@@YAHH@Z       005dd2c0 f   t3dlib3.obj
 0002:000f43c0       ?DMusic_Stop@@YAHH@Z       005dd3c0 f   t3dlib3.obj
 0002:000f4490       ?DMusic_Delete_MIDI@@YAHH@Z 005dd490 f   t3dlib3.obj
 0002:000f45b0       ?DMusic_Delete_All_MIDI@@YAHXZ 005dd5b0 f   t3dlib3.obj
 0002:000f46f0       ?DMusic_Status_MIDI@@YAHH@Z 005dd6f0 f   t3dlib3.obj
 0002:000f47e0       ?DMusic_Init@@YAHXZ        005dd7e0 f   t3dlib3.obj
 0002:000f49b0       ?DMusic_Shutdown@@YAHXZ    005dd9b0 f   t3dlib3.obj
 0002:000f4ad0       ?FIXP16_MUL@@YAHHH@Z       005ddad0 f   t3dlib4.obj
 0002:000f4b20       ?FIXP16_DIV@@YAHHH@Z       005ddb20 f   t3dlib4.obj
 0002:000f4b70       ?FIXP16_Print@@YAXH@Z      005ddb70 f   t3dlib4.obj
 0002:000f4be0       ?QUAT_Add@@YAXPAUQUAT_TYP@@00@Z 005ddbe0 f   t3dlib4.obj
 0002:000f4cb0       ?QUAT_Sub@@YAXPAUQUAT_TYP@@00@Z 005ddcb0 f   t3dlib4.obj
 0002:000f4d80       ?QUAT_Conjugate@@YAXPAUQUAT_TYP@@0@Z 005ddd80 f   t3dlib4.obj
 0002:000f4e20       ?QUAT_Scale@@YAXPAUQUAT_TYP@@M0@Z 005dde20 f   t3dlib4.obj
 0002:000f4ee0       ?QUAT_Scale@@YAXPAUQUAT_TYP@@M@Z 005ddee0 f   t3dlib4.obj
 0002:000f4fa0       ?QUAT_Norm@@YAMPAUQUAT_TYP@@@Z 005ddfa0 f   t3dlib4.obj
 0002:000f5070       ?QUAT_Norm2@@YAMPAUQUAT_TYP@@@Z 005de070 f   t3dlib4.obj
 0002:000f50f0       ?QUAT_Normalize@@YAXPAUQUAT_TYP@@0@Z 005de0f0 f   t3dlib4.obj
 0002:000f5250       ?QUAT_Normalize@@YAXPAUQUAT_TYP@@@Z 005de250 f   t3dlib4.obj
 0002:000f53b0       ?QUAT_Unit_Inverse@@YAXPAUQUAT_TYP@@0@Z 005de3b0 f   t3dlib4.obj
 0002:000f5450       ?QUAT_Unit_Inverse@@YAXPAUQUAT_TYP@@@Z 005de450 f   t3dlib4.obj
 0002:000f54e0       ?QUAT_Inverse@@YAXPAUQUAT_TYP@@0@Z 005de4e0 f   t3dlib4.obj
 0002:000f5660       ?QUAT_Inverse@@YAXPAUQUAT_TYP@@@Z 005de660 f   t3dlib4.obj
 0002:000f57e0       ?QUAT_Mul@@YAXPAUQUAT_TYP@@00@Z 005de7e0 f   t3dlib4.obj
 0002:000f5b20       ?QUAT_Triple_Product@@YAXPAUQUAT_TYP@@000@Z 005deb20 f   t3dlib4.obj
 0002:000f5bd0       ?VECTOR3D_Theta_To_QUAT@@YAXPAUQUAT_TYP@@PAUVECTOR3D_TYP@@M@Z 005debd0 f   t3dlib4.obj
 0002:000f5cd0       ?VECTOR4D_Theta_To_QUAT@@YAXPAUQUAT_TYP@@PAUVECTOR4D_TYP@@M@Z 005decd0 f   t3dlib4.obj
 0002:000f5dd0       ?EulerZYX_To_QUAT@@YAXPAUQUAT_TYP@@MMM@Z 005dedd0 f   t3dlib4.obj
 0002:000f6000       ?QUAT_To_VECTOR3D_Theta@@YAXPAUQUAT_TYP@@PAUVECTOR3D_TYP@@PAM@Z 005df000 f   t3dlib4.obj
 0002:000f6110       ?QUAT_Print@@YAXPAUQUAT_TYP@@PAD@Z 005df110 f   t3dlib4.obj
 0002:000f61c0       ?Fast_Sin@@YAMM@Z          005df1c0 f   t3dlib4.obj
 0002:000f62c0       _fmodf                     005df2c0 f i t3dlib4.obj
 0002:000f6320       ?Fast_Cos@@YAMM@Z          005df320 f   t3dlib4.obj
 0002:000f6420       ?POLAR2D_To_POINT2D@@YAXPAUPOLAR2D_TYP@@PAUVECTOR2D_TYP@@@Z 005df420 f   t3dlib4.obj
 0002:000f64b0       ?POLAR2D_To_RectXY@@YAXPAUPOLAR2D_TYP@@PAM1@Z 005df4b0 f   t3dlib4.obj
 0002:000f6540       ?POINT2D_To_POLAR2D@@YAXPAUVECTOR2D_TYP@@PAUPOLAR2D_TYP@@@Z 005df540 f   t3dlib4.obj
 0002:000f6610       _atanf                     005df610 f i t3dlib4.obj
 0002:000f6670       ?POINT2D_To_PolarRTh@@YAXPAUVECTOR2D_TYP@@PAM1@Z 005df670 f   t3dlib4.obj
 0002:000f6740       ?CYLINDRICAL3D_To_POINT3D@@YAXPAUCYLINDRICAL3D_TYP@@PAUVECTOR3D_TYP@@@Z 005df740 f   t3dlib4.obj
 0002:000f67e0       ?CYLINDRICAL3D_To_RectXYZ@@YAXPAUCYLINDRICAL3D_TYP@@PAM11@Z 005df7e0 f   t3dlib4.obj
 0002:000f6880       ?POINT3D_To_CYLINDRICAL3D@@YAXPAUVECTOR3D_TYP@@PAUCYLINDRICAL3D_TYP@@@Z 005df880 f   t3dlib4.obj
 0002:000f6960       ?POINT3D_To_CylindricalRThZ@@YAXPAUVECTOR3D_TYP@@PAM11@Z 005df960 f   t3dlib4.obj
 0002:000f6a40       ?SPHERICAL3D_To_POINT3D@@YAXPAUSPHERICAL3D_TYP@@PAUVECTOR3D_TYP@@@Z 005dfa40 f   t3dlib4.obj
 0002:000f6b10       ?SPHERICAL3D_To_RectXYZ@@YAXPAUSPHERICAL3D_TYP@@PAM11@Z 005dfb10 f   t3dlib4.obj
 0002:000f6be0       ?POINT3D_To_SPHERICAL3D@@YAXPAUVECTOR3D_TYP@@PAUSPHERICAL3D_TYP@@@Z 005dfbe0 f   t3dlib4.obj
 0002:000f6d20       _asinf                     005dfd20 f i t3dlib4.obj
 0002:000f6d80       ?POINT3D_To_SphericalPThPh@@YAXPAUVECTOR3D_TYP@@PAM11@Z 005dfd80 f   t3dlib4.obj
 0002:000f6ef0       ?VECTOR2D_Add@@YAXPAUVECTOR2D_TYP@@00@Z 005dfef0 f   t3dlib4.obj
 0002:000f6f70       ?VECTOR2D_Add@@YA?AUVECTOR2D_TYP@@PAU1@0@Z 005dff70 f   t3dlib4.obj
 0002:000f7020       ?VECTOR2D_Sub@@YAXPAUVECTOR2D_TYP@@00@Z 005e0020 f   t3dlib4.obj
 0002:000f70a0       ?VECTOR2D_Sub@@YA?AUVECTOR2D_TYP@@PAU1@0@Z 005e00a0 f   t3dlib4.obj
 0002:000f7160       ?VECTOR2D_Scale@@YAXMPAUVECTOR2D_TYP@@0@Z 005e0160 f   t3dlib4.obj
 0002:000f71e0       ?VECTOR2D_Scale@@YAXMPAUVECTOR2D_TYP@@@Z 005e01e0 f   t3dlib4.obj
 0002:000f7260       ?VECTOR2D_Dot@@YAMPAUVECTOR2D_TYP@@0@Z 005e0260 f   t3dlib4.obj
 0002:000f72c0       ?VECTOR2D_Length@@YAMPAUVECTOR2D_TYP@@@Z 005e02c0 f   t3dlib4.obj
 0002:000f7350       ?VECTOR2D_Length_Fast@@YAMPAUVECTOR2D_TYP@@@Z 005e0350 f   t3dlib4.obj
 0002:000f73c0       ?VECTOR2D_Normalize@@YAXPAUVECTOR2D_TYP@@@Z 005e03c0 f   t3dlib4.obj
 0002:000f74d0       ?VECTOR2D_Normalize@@YAXPAUVECTOR2D_TYP@@0@Z 005e04d0 f   t3dlib4.obj
 0002:000f75f0       ?VECTOR2D_ZERO@@YAXPAUVECTOR2D_TYP@@@Z 005e05f0 f i t3dlib4.obj
 0002:000f7650       ?VECTOR2D_Build@@YAXPAUVECTOR2D_TYP@@00@Z 005e0650 f   t3dlib4.obj
 0002:000f76d0       ?VECTOR2D_CosTh@@YAMPAUVECTOR2D_TYP@@0@Z 005e06d0 f   t3dlib4.obj
 0002:000f7770       ?VECTOR2D_Print@@YAXPAUVECTOR2D_TYP@@PAD@Z 005e0770 f   t3dlib4.obj
 0002:000f7820       ?VECTOR3D_Add@@YAXPAUVECTOR3D_TYP@@00@Z 005e0820 f   t3dlib4.obj
 0002:000f78d0       ?VECTOR3D_Add@@YA?AUVECTOR3D_TYP@@PAU1@0@Z 005e08d0 f   t3dlib4.obj
 0002:000f79c0       ?VECTOR3D_Sub@@YAXPAUVECTOR3D_TYP@@00@Z 005e09c0 f   t3dlib4.obj
 0002:000f7a70       ?VECTOR3D_Sub@@YA?AUVECTOR3D_TYP@@PAU1@0@Z 005e0a70 f   t3dlib4.obj
 0002:000f7b60       ?VECTOR3D_Scale@@YAXMPAUVECTOR3D_TYP@@@Z 005e0b60 f   t3dlib4.obj
 0002:000f7c00       ?VECTOR3D_Scale@@YAXMPAUVECTOR3D_TYP@@0@Z 005e0c00 f   t3dlib4.obj
 0002:000f7ca0       ?VECTOR3D_Dot@@YAMPAUVECTOR3D_TYP@@0@Z 005e0ca0 f   t3dlib4.obj
 0002:000f7d10       ?VECTOR3D_Cross@@YAXPAUVECTOR3D_TYP@@00@Z 005e0d10 f   t3dlib4.obj
 0002:000f7e20       ?VECTOR3D_Cross@@YA?AUVECTOR3D_TYP@@PAU1@0@Z 005e0e20 f   t3dlib4.obj
 0002:000f7f70       ?VECTOR3D_Length@@YAMPAUVECTOR3D_TYP@@@Z 005e0f70 f   t3dlib4.obj
 0002:000f8020       ?VECTOR3D_Length_Fast@@YAMPAUVECTOR3D_TYP@@@Z 005e1020 f   t3dlib4.obj
 0002:000f8090       ?VECTOR3D_Normalize@@YAXPAUVECTOR3D_TYP@@@Z 005e1090 f   t3dlib4.obj
 0002:000f81e0       ?VECTOR3D_Normalize@@YAXPAUVECTOR3D_TYP@@0@Z 005e11e0 f   t3dlib4.obj
 0002:000f82f0       ?VECTOR3D_ZERO@@YAXPAUVECTOR3D_TYP@@@Z 005e12f0 f i t3dlib4.obj
 0002:000f8360       ?VECTOR3D_Build@@YAXPAUVECTOR3D_TYP@@00@Z 005e1360 f   t3dlib4.obj
 0002:000f8410       ?VECTOR3D_CosTh@@YAMPAUVECTOR3D_TYP@@0@Z 005e1410 f   t3dlib4.obj
 0002:000f84b0       ?VECTOR3D_Print@@YAXPAUVECTOR3D_TYP@@PAD@Z 005e14b0 f   t3dlib4.obj
 0002:000f8560       ?VECTOR4D_Build@@YAXPAUVECTOR4D_TYP@@00@Z 005e1560 f   t3dlib4.obj
 0002:000f8620       ?VECTOR4D_Add@@YAXPAUVECTOR4D_TYP@@00@Z 005e1620 f   t3dlib4.obj
 0002:000f86e0       ?VECTOR4D_Add@@YA?AUVECTOR4D_TYP@@PAU1@0@Z 005e16e0 f   t3dlib4.obj
 0002:000f87f0       ?VECTOR4D_Sub@@YAXPAUVECTOR4D_TYP@@00@Z 005e17f0 f   t3dlib4.obj
 0002:000f88b0       ?VECTOR4D_Sub@@YA?AUVECTOR4D_TYP@@PAU1@0@Z 005e18b0 f   t3dlib4.obj
 0002:000f89c0       ?VECTOR4D_Scale@@YAXMPAUVECTOR4D_TYP@@@Z 005e19c0 f   t3dlib4.obj
 0002:000f8a70       ?VECTOR4D_Scale@@YAXMPAUVECTOR4D_TYP@@0@Z 005e1a70 f   t3dlib4.obj
 0002:000f8b20       ?VECTOR4D_Dot@@YAMPAUVECTOR4D_TYP@@0@Z 005e1b20 f   t3dlib4.obj
 0002:000f8b90       ?VECTOR4D_Cross@@YAXPAUVECTOR4D_TYP@@00@Z 005e1b90 f   t3dlib4.obj
 0002:000f8cb0       ?VECTOR4D_Cross@@YA?AUVECTOR4D_TYP@@PAU1@0@Z 005e1cb0 f   t3dlib4.obj
 0002:000f8e20       ?VECTOR4D_Length@@YAMPAUVECTOR4D_TYP@@@Z 005e1e20 f   t3dlib4.obj
 0002:000f8ed0       ?VECTOR4D_Length_Fast@@YAMPAUVECTOR4D_TYP@@@Z 005e1ed0 f   t3dlib4.obj
 0002:000f8f40       ?VECTOR4D_Normalize@@YAXPAUVECTOR4D_TYP@@@Z 005e1f40 f   t3dlib4.obj
 0002:000f90b0       ?VECTOR4D_Normalize@@YAXPAUVECTOR4D_TYP@@0@Z 005e20b0 f   t3dlib4.obj
 0002:000f9230       ?VECTOR4D_ZERO@@YAXPAUVECTOR4D_TYP@@@Z 005e2230 f i t3dlib4.obj
 0002:000f92b0       ?VECTOR4D_CosTh@@YAMPAUVECTOR4D_TYP@@0@Z 005e22b0 f   t3dlib4.obj
 0002:000f9350       ?VECTOR4D_Print@@YAXPAUVECTOR4D_TYP@@PAD@Z 005e2350 f   t3dlib4.obj
 0002:000f9400       ?Mat_Init_2X2@@YAXPAUMATRIX2X2_TYP@@MMMM@Z 005e2400 f   t3dlib4.obj
 0002:000f9470       ?Mat_Add_2X2@@YAXPAUMATRIX2X2_TYP@@00@Z 005e2470 f   t3dlib4.obj
 0002:000f9540       ?Mat_Mul_2X2@@YAXPAUMATRIX2X2_TYP@@00@Z 005e2540 f   t3dlib4.obj
 0002:000f9680       ?Mat_Inverse_2X2@@YAHPAUMATRIX2X2_TYP@@0@Z 005e2680 f   t3dlib4.obj
 0002:000f9800       ?Print_Mat_2X2@@YAXPAUMATRIX2X2_TYP@@PAD@Z 005e2800 f   t3dlib4.obj
 0002:000f98e0       ?Mat_Det_2X2@@YAMPAUMATRIX2X2_TYP@@@Z 005e28e0 f   t3dlib4.obj
 0002:000f9940       ?Solve_2X2_System@@YAHPAUMATRIX2X2_TYP@@PAUMATRIX1X2_TYP@@1@Z 005e2940 f   t3dlib4.obj
 0002:000f9ae0       ?MAT_COLUMN_SWAP_2X2@@YAXPAUMATRIX2X2_TYP@@HPAUMATRIX1X2_TYP@@@Z 005e2ae0 f i t3dlib4.obj
 0002:000f9b40       ?Mat_Add_3X3@@YAXPAUMATRIX3X3_TYP@@00@Z 005e2b40 f   t3dlib4.obj
 0002:000f9c00       ?Mat_Mul_VECTOR3D_3X3@@YAXPAUVECTOR3D_TYP@@PAUMATRIX3X3_TYP@@0@Z 005e2c00 f   t3dlib4.obj
 0002:000f9ce0       ?Mat_Init_3X3@@YAXPAUMATRIX3X3_TYP@@MMMMMMMMM@Z 005e2ce0 f   t3dlib4.obj
 0002:000f9da0       ?Mat_Inverse_3X3@@YAHPAUMATRIX3X3_TYP@@0@Z 005e2da0 f   t3dlib4.obj
 0002:000fa230       ?Print_Mat_3X3@@YAXPAUMATRIX3X3_TYP@@PAD@Z 005e3230 f   t3dlib4.obj
 0002:000fa310       ?Mat_Det_3X3@@YAMPAUMATRIX3X3_TYP@@@Z 005e3310 f   t3dlib4.obj
 0002:000fa3d0       ?Solve_3X3_System@@YAHPAUMATRIX3X3_TYP@@PAUMATRIX1X3_TYP@@1@Z 005e33d0 f   t3dlib4.obj
 0002:000fa5a0       ?MAT_COLUMN_SWAP_3X3@@YAXPAUMATRIX3X3_TYP@@HPAUMATRIX1X3_TYP@@@Z 005e35a0 f i t3dlib4.obj
 0002:000fa610       ?Mat_Add_4X4@@YAXPAUMATRIX4X4_TYP@@00@Z 005e3610 f   t3dlib4.obj
 0002:000fa6d0       ?Mat_Mul_4X4@@YAXPAUMATRIX4X4_TYP@@00@Z 005e36d0 f   t3dlib4.obj
 0002:000fa7e0       ?Mat_Mul_1X4_4X4@@YAXPAUMATRIX1X4_TYP@@PAUMATRIX4X4_TYP@@0@Z 005e37e0 f   t3dlib4.obj
 0002:000fa8c0       ?Mat_Mul_VECTOR3D_4X4@@YAXPAUVECTOR3D_TYP@@PAUMATRIX4X4_TYP@@0@Z 005e38c0 f   t3dlib4.obj
 0002:000fa9d0       ?Mat_Mul_VECTOR3D_4X3@@YAXPAUVECTOR3D_TYP@@PAUMATRIX4X3_TYP@@0@Z 005e39d0 f   t3dlib4.obj
 0002:000faae0       ?Mat_Mul_VECTOR4D_4X4@@YAXPAUVECTOR4D_TYP@@PAUMATRIX4X4_TYP@@0@Z 005e3ae0 f   t3dlib4.obj
 0002:000fabc0       ?Mat_Mul_VECTOR4D_4X3@@YAXPAUVECTOR4D_TYP@@PAUMATRIX4X4_TYP@@0@Z 005e3bc0 f   t3dlib4.obj
 0002:000facb0       ?Mat_Init_4X4@@YAXPAUMATRIX4X4_TYP@@MMMMMMMMMMMMMMMM@Z 005e3cb0 f   t3dlib4.obj
 0002:000fadf0       ?Mat_Inverse_4X4@@YAHPAUMATRIX4X4_TYP@@0@Z 005e3df0 f   t3dlib4.obj
 0002:000fb420       ?Print_Mat_4X4@@YAXPAUMATRIX4X4_TYP@@PAD@Z 005e4420 f   t3dlib4.obj
 0002:000fb500       ?Init_Parm_Line2D@@YAXPAUVECTOR2D_TYP@@0PAUPARMLINE2D_TYP@@@Z 005e4500 f   t3dlib4.obj
 0002:000fb590       ?VECTOR2D_INIT@@YAXPAUVECTOR2D_TYP@@0@Z 005e4590 f i t3dlib4.obj
 0002:000fb5e0       ?Init_Parm_Line3D@@YAXPAUVECTOR3D_TYP@@0PAUPARMLINE3D_TYP@@@Z 005e45e0 f   t3dlib4.obj
 0002:000fb670       ?VECTOR3D_INIT@@YAXPAUVECTOR3D_TYP@@0@Z 005e4670 f i t3dlib4.obj
 0002:000fb6d0       ?Compute_Parm_Line2D@@YAXPAUPARMLINE2D_TYP@@MPAUVECTOR2D_TYP@@@Z 005e46d0 f   t3dlib4.obj
 0002:000fb770       ?Compute_Parm_Line3D@@YAXPAUPARMLINE3D_TYP@@MPAUVECTOR3D_TYP@@@Z 005e4770 f   t3dlib4.obj
 0002:000fb840       ?Intersect_Parm_Lines2D@@YAHPAUPARMLINE2D_TYP@@0PAM1@Z 005e4840 f   t3dlib4.obj
 0002:000fba40       ?Intersect_Parm_Lines2D@@YAHPAUPARMLINE2D_TYP@@0PAUVECTOR2D_TYP@@@Z 005e4a40 f   t3dlib4.obj
 0002:000fbc90       ?PLANE3D_Init@@YAXPAUPLANE3D_TYP@@PAUVECTOR3D_TYP@@1H@Z 005e4c90 f   t3dlib4.obj
 0002:000fbd20       ?VECTOR3D_COPY@@YAXPAUVECTOR3D_TYP@@0@Z 005e4d20 f i t3dlib4.obj
 0002:000fbd80       ?POINT3D_COPY@@YAXPAUVECTOR3D_TYP@@0@Z 005e4d80 f i t3dlib4.obj
 0002:000fbde0       ?Compute_Point_In_Plane3D@@YAMPAUVECTOR3D_TYP@@PAUPLANE3D_TYP@@@Z 005e4de0 f   t3dlib4.obj
 0002:000fbea0       ?Intersect_Parm_Line3D_Plane3D@@YAHPAUPARMLINE3D_TYP@@PAUPLANE3D_TYP@@PAMPAUVECTOR3D_TYP@@@Z 005e4ea0 f   t3dlib4.obj
 0002:000fc120       ?Get_Line_PLG@@YAPADPADHPAU_iobuf@@@Z 005e5120 f   t3dlib5.obj
 0002:000fc280       ?Compute_OBJECT4DV1_Radius@@YAMPAUOBJECT4DV1_TYP@@@Z 005e5280 f   t3dlib5.obj
 0002:000fc460       ?Load_OBJECT4DV1_PLG@@YAHPAUOBJECT4DV1_TYP@@PADPAUVECTOR4D_TYP@@22@Z 005e5460 f   t3dlib5.obj
 0002:000fcf60       ?Translate_OBJECT4DV1@@YAXPAUOBJECT4DV1_TYP@@PAUVECTOR4D_TYP@@@Z 005e5f60 f   t3dlib5.obj
 0002:000fcfc0       ?Scale_OBJECT4DV1@@YAXPAUOBJECT4DV1_TYP@@PAUVECTOR4D_TYP@@@Z 005e5fc0 f   t3dlib5.obj
 0002:000fd1e0       ?Build_XYZ_Rotation_MATRIX4X4@@YAXMMMPAUMATRIX4X4_TYP@@@Z 005e61e0 f   t3dlib5.obj
 0002:000fdf90       ?Build_Model_To_World_MATRIX4X4@@YAXPAUVECTOR4D_TYP@@PAUMATRIX4X4_TYP@@@Z 005e6f90 f   t3dlib5.obj
 0002:000fe070       ?Build_Camera_To_Perspective_MATRIX4X4@@YAXPAUCAM4DV1_TYP@@PAUMATRIX4X4_TYP@@@Z 005e7070 f   t3dlib5.obj
 0002:000fe160       ?Build_Perspective_To_Screen_4D_MATRIX4X4@@YAXPAUCAM4DV1_TYP@@PAUMATRIX4X4_TYP@@@Z 005e7160 f   t3dlib5.obj
 0002:000fe2a0       ?Build_Perspective_To_Screen_MATRIX4X4@@YAXPAUCAM4DV1_TYP@@PAUMATRIX4X4_TYP@@@Z 005e72a0 f   t3dlib5.obj
 0002:000fe3e0       ?Build_Camera_To_Screen_MATRIX4X4@@YAXPAUCAM4DV1_TYP@@PAUMATRIX4X4_TYP@@@Z 005e73e0 f   t3dlib5.obj
 0002:000fe520       ?Transform_OBJECT4DV1@@YAXPAUOBJECT4DV1_TYP@@PAUMATRIX4X4_TYP@@HH@Z 005e7520 f   t3dlib5.obj
 0002:000fe840       ?Rotate_XYZ_OBJECT4DV1@@YAXPAUOBJECT4DV1_TYP@@MMM@Z 005e7840 f   t3dlib5.obj
 0002:000fea40       ?Model_To_World_OBJECT4DV1@@YAXPAUOBJECT4DV1_TYP@@H@Z 005e7a40 f   t3dlib5.obj
 0002:000feb60       ?Cull_OBJECT4DV1@@YAHPAUOBJECT4DV1_TYP@@PAUCAM4DV1_TYP@@H@Z 005e7b60 f   t3dlib5.obj
 0002:000fee00       ?Remove_Backfaces_OBJECT4DV1@@YAXPAUOBJECT4DV1_TYP@@PAUCAM4DV1_TYP@@@Z 005e7e00 f   t3dlib5.obj
 0002:000ff070       ?Remove_Backfaces_RENDERLIST4DV1@@YAXPAURENDERLIST4DV1_TYP@@PAUCAM4DV1_TYP@@@Z 005e8070 f   t3dlib5.obj
 0002:000ff260       ?World_To_Camera_OBJECT4DV1@@YAXPAUOBJECT4DV1_TYP@@PAUCAM4DV1_TYP@@@Z 005e8260 f   t3dlib5.obj
 0002:000ff360       ?Camera_To_Perspective_OBJECT4DV1@@YAXPAUOBJECT4DV1_TYP@@PAUCAM4DV1_TYP@@@Z 005e8360 f   t3dlib5.obj
 0002:000ff490       ?Camera_To_Perspective_Screen_OBJECT4DV1@@YAXPAUOBJECT4DV1_TYP@@PAUCAM4DV1_TYP@@@Z 005e8490 f   t3dlib5.obj
 0002:000ff690       ?Perspective_To_Screen_OBJECT4DV1@@YAXPAUOBJECT4DV1_TYP@@PAUCAM4DV1_TYP@@@Z 005e8690 f   t3dlib5.obj
 0002:000ff7e0       ?Convert_From_Homogeneous4D_OBJECT4DV1@@YAXPAUOBJECT4DV1_TYP@@@Z 005e87e0 f   t3dlib5.obj
 0002:000ff870       ?VECTOR4D_DIV_BY_W@@YAXPAUVECTOR4D_TYP@@@Z 005e8870 f i t3dlib5.obj
 0002:000ff920       ?Transform_RENDERLIST4DV1@@YAXPAURENDERLIST4DV1_TYP@@PAUMATRIX4X4_TYP@@H@Z 005e8920 f   t3dlib5.obj
 0002:000ffcb0       ?Model_To_World_RENDERLIST4DV1@@YAXPAURENDERLIST4DV1_TYP@@PAUVECTOR4D_TYP@@H@Z 005e8cb0 f   t3dlib5.obj
 0002:000ffe90       ?Convert_From_Homogeneous4D_RENDERLIST4DV1@@YAXPAURENDERLIST4DV1_TYP@@@Z 005e8e90 f   t3dlib5.obj
 0002:000fff80       ?World_To_Camera_RENDERLIST4DV1@@YAXPAURENDERLIST4DV1_TYP@@PAUCAM4DV1_TYP@@@Z 005e8f80 f   t3dlib5.obj
 0002:001000e0       ?Camera_To_Perspective_RENDERLIST4DV1@@YAXPAURENDERLIST4DV1_TYP@@PAUCAM4DV1_TYP@@@Z 005e90e0 f   t3dlib5.obj
 0002:00100260       ?Camera_To_Perspective_Screen_RENDERLIST4DV1@@YAXPAURENDERLIST4DV1_TYP@@PAUCAM4DV1_TYP@@@Z 005e9260 f   t3dlib5.obj
 0002:001004b0       ?Perspective_To_Screen_RENDERLIST4DV1@@YAXPAURENDERLIST4DV1_TYP@@PAUCAM4DV1_TYP@@@Z 005e94b0 f   t3dlib5.obj
 0002:00100650       ?Reset_RENDERLIST4DV1@@YAXPAURENDERLIST4DV1_TYP@@@Z 005e9650 f   t3dlib5.obj
 0002:00100690       ?Reset_OBJECT4DV1@@YAXPAUOBJECT4DV1_TYP@@@Z 005e9690 f   t3dlib5.obj
 0002:00100750       ?Insert_POLY4DV1_RENDERLIST4DV1@@YAHPAURENDERLIST4DV1_TYP@@PAUPOLY4DV1_TYP@@@Z 005e9750 f   t3dlib5.obj
 0002:00100a90       ?Insert_POLYF4DV1_RENDERLIST4DV1@@YAHPAURENDERLIST4DV1_TYP@@PAUPOLYF4DV1_TYP@@@Z 005e9a90 f   t3dlib5.obj
 0002:00100c20       ?Insert_OBJECT4DV1_RENDERLIST4DV1@@YAHPAURENDERLIST4DV1_TYP@@PAUOBJECT4DV1_TYP@@H@Z 005e9c20 f   t3dlib5.obj
 0002:00100d80       ?Draw_OBJECT4DV1_Wire@@YAXPAUOBJECT4DV1_TYP@@PAEH@Z 005e9d80 f   t3dlib5.obj
 0002:00101040       ?Draw_RENDERLIST4DV1_Wire@@YAXPAURENDERLIST4DV1_TYP@@PAEH@Z 005ea040 f   t3dlib5.obj
 0002:00101270       ?Draw_OBJECT4DV1_Wire16@@YAXPAUOBJECT4DV1_TYP@@PAEH@Z 005ea270 f   t3dlib5.obj
 0002:00101530       ?Draw_RENDERLIST4DV1_Wire16@@YAXPAURENDERLIST4DV1_TYP@@PAEH@Z 005ea530 f   t3dlib5.obj
 0002:00101760       ?Build_CAM4DV1_Matrix_Euler@@YAXPAUCAM4DV1_TYP@@H@Z 005ea760 f   t3dlib5.obj
 0002:00101e50       ?Build_CAM4DV1_Matrix_UVN@@YAXPAUCAM4DV1_TYP@@H@Z 005eae50 f   t3dlib5.obj
 0002:001022a0       ?Init_CAM4DV1@@YAXPAUCAM4DV1_TYP@@HPAUVECTOR4D_TYP@@11MMMMM@Z 005eb2a0 f   t3dlib5.obj
 0002:001029c0       ?VECTOR3D_INITXYZ@@YAXPAUVECTOR3D_TYP@@MMM@Z 005eb9c0 f i t3dlib5.obj
 0002:00102a20       ?Draw_OBJECT4DV1_Solid@@YAXPAUOBJECT4DV1_TYP@@PAEH@Z 005eba20 f   t3dlib6.obj
 0002:00102bf0       ?Draw_RENDERLIST4DV1_Solid@@YAXPAURENDERLIST4DV1_TYP@@PAEH@Z 005ebbf0 f   t3dlib6.obj
 0002:00102d50       ?Draw_OBJECT4DV1_Solid16@@YAXPAUOBJECT4DV1_TYP@@PAEH@Z 005ebd50 f   t3dlib6.obj
 0002:00102f20       ?Draw_RENDERLIST4DV1_Solid16@@YAXPAURENDERLIST4DV1_TYP@@PAEH@Z 005ebf20 f   t3dlib6.obj
 0002:00103080       ??0CPARSERV1@@QAE@XZ       005ec080 f   t3dlib6.obj
 0002:001030e0       ??1CPARSERV1@@QAE@XZ       005ec0e0 f   t3dlib6.obj
 0002:00103130       ?Reset@CPARSERV1@@QAEHXZ   005ec130 f   t3dlib6.obj
 0002:00103200       ?Open@CPARSERV1@@QAEHPAD@Z 005ec200 f   t3dlib6.obj
 0002:00103290       ?Close@CPARSERV1@@QAEHXZ   005ec290 f   t3dlib6.obj
 0002:001032e0       ?Getline@CPARSERV1@@QAEPADH@Z 005ec2e0 f   t3dlib6.obj
 0002:00103630       ?strstr@@YAPADPADPBD@Z     005ec630 f i t3dlib6.obj
 0002:00103690       ?SetComment@CPARSERV1@@QAEHPAD@Z 005ec690 f   t3dlib6.obj
 0002:001037c0       ?Pattern_Match@CPARSERV1@@QAAHPAD0ZZ 005ec7c0 f   t3dlib6.obj
 0002:00104de0       ?ReplaceChars@@YAHPAD00DH@Z 005edde0 f   t3dlib6.obj
 0002:001051c0       ?StripChars@@YAHPAD00H@Z   005ee1c0 f   t3dlib6.obj
 0002:00105560       ?IsInt@@YAHPAD@Z           005ee560 f   t3dlib6.obj
 0002:001056a0       ?IsFloat@@YAMPAD@Z         005ee6a0 f   t3dlib6.obj
 0002:001058c0       ?StringRtrim@@YAPADPAD@Z   005ee8c0 f   t3dlib6.obj
 0002:001059d0       ?StringLtrim@@YAPADPAD@Z   005ee9d0 f   t3dlib6.obj
 0002:00105b00       ?Convert_Bitmap_8_16@@YAHPAUBITMAP_FILE_TAG@@@Z 005eeb00 f   t3dlib6.obj
 0002:00105cf0       ?Load_OBJECT4DV1_3DSASC@@YAHPAUOBJECT4DV1_TYP@@PADPAUVECTOR4D_TYP@@22H@Z 005eecf0 f   t3dlib6.obj
 0002:00106e70       ?Load_OBJECT4DV1_COB@@YAHPAUOBJECT4DV1_TYP@@PADPAUVECTOR4D_TYP@@22H@Z 005efe70 f   t3dlib6.obj
 0002:00109bc0       ?RGBto8BitIndex@@YAHEEEPAUtagPALETTEENTRY@@H@Z 005f2bc0 f   t3dlib6.obj
 0002:00109de0       ?Init_Light_LIGHTV1@@YAHHHHURGBAV1_TYP@@00PAUVECTOR4D_TYP@@1MMMMMM@Z 005f2de0 f   t3dlib6.obj
 0002:00109fa0       ?Reset_Lights_LIGHTV1@@YAHXZ 005f2fa0 f   t3dlib6.obj
 0002:0010a020       ?Reset_Materials_MATV1@@YAHXZ 005f3020 f   t3dlib6.obj
 0002:0010a100       ?RGB_16_8_IndexedRGB_Table_Builder@@YAHHPAUtagPALETTEENTRY@@PAE@Z 005f3100 f   t3dlib6.obj
 0002:0010a480       ?RGB_16_8_Indexed_Intensity_Table_Builder@@YAHPAUtagPALETTEENTRY@@QAY0BAA@EH@Z 005f3480 f   t3dlib6.obj
 0002:0010aa40       ?Insert_OBJECT4DV1_RENDERLIST4DV12@@YAHPAURENDERLIST4DV1_TYP@@PAUOBJECT4DV1_TYP@@HH@Z 005f3a40 f   t3dlib6.obj
 0002:0010ac30       ?Light_OBJECT4DV1_World16@@YAHPAUOBJECT4DV1_TYP@@PAUCAM4DV1_TYP@@PAULIGHTV1_TYP@@H@Z 005f3c30 f   t3dlib6.obj
 0002:0010c1d0       ?Light_OBJECT4DV1_World@@YAHPAUOBJECT4DV1_TYP@@PAUCAM4DV1_TYP@@PAULIGHTV1_TYP@@H@Z 005f51d0 f   t3dlib6.obj
 0002:0010d700       ?Light_RENDERLIST4DV1_World16@@YAHPAURENDERLIST4DV1_TYP@@PAUCAM4DV1_TYP@@PAULIGHTV1_TYP@@H@Z 005f6700 f   t3dlib6.obj
 0002:0010eb00       ?Light_RENDERLIST4DV1_World@@YAHPAURENDERLIST4DV1_TYP@@PAUCAM4DV1_TYP@@PAULIGHTV1_TYP@@H@Z 005f7b00 f   t3dlib6.obj
 0002:0010fe90       ?Sort_RENDERLIST4DV1@@YAXPAURENDERLIST4DV1_TYP@@H@Z 005f8e90 f   t3dlib6.obj
 0002:0010ff80       ?Compare_AvgZ_POLYF4DV1@@YAHPBX0@Z 005f8f80 f   t3dlib6.obj
 0002:00110080       ?Compare_NearZ_POLYF4DV1@@YAHPBX0@Z 005f9080 f   t3dlib6.obj
 0002:00110270       ?Compare_FarZ_POLYF4DV1@@YAHPBX0@Z 005f9270 f   t3dlib6.obj
 0002:00110460       ?Set_Frame@OBJECT4DV2_TYP@@QAEHH@Z 005f9460 f   t3dlib7.obj
 0002:00110560       ?Set_OBJECT4DV2_Frame@@YAHPAUOBJECT4DV2_TYP@@H@Z 005f9560 f   t3dlib7.obj
 0002:00110660       ?Destroy_OBJECT4DV2@@YAHPAUOBJECT4DV2_TYP@@@Z 005f9660 f   t3dlib7.obj
 0002:00110790       ?Init_OBJECT4DV2@@YAHPAUOBJECT4DV2_TYP@@HHHH@Z 005f9790 f   t3dlib7.obj
 0002:00110a70       ?Translate_OBJECT4DV2@@YAXPAUOBJECT4DV2_TYP@@PAUVECTOR4D_TYP@@@Z 005f9a70 f   t3dlib7.obj
 0002:00110ad0       ?Scale_OBJECT4DV2@@YAXPAUOBJECT4DV2_TYP@@PAUVECTOR4D_TYP@@H@Z 005f9ad0 f   t3dlib7.obj
 0002:00111030       ?Transform_OBJECT4DV2@@YAXPAUOBJECT4DV2_TYP@@PAUMATRIX4X4_TYP@@HHH@Z 005fa030 f   t3dlib7.obj
 0002:00111870       ?Rotate_XYZ_OBJECT4DV2@@YAXPAUOBJECT4DV2_TYP@@MMMH@Z 005fa870 f   t3dlib7.obj
 0002:00111c30       ?Model_To_World_OBJECT4DV2@@YAXPAUOBJECT4DV2_TYP@@HH@Z 005fac30 f   t3dlib7.obj
 0002:00111eb0       ?Cull_OBJECT4DV2@@YAHPAUOBJECT4DV2_TYP@@PAUCAM4DV1_TYP@@H@Z 005faeb0 f   t3dlib7.obj
 0002:001121b0       ?Remove_Backfaces_RENDERLIST4DV2@@YAXPAURENDERLIST4DV2_TYP@@PAUCAM4DV1_TYP@@@Z 005fb1b0 f   t3dlib7.obj
 0002:001123b0       ?Remove_Backfaces_OBJECT4DV2@@YAXPAUOBJECT4DV2_TYP@@PAUCAM4DV1_TYP@@@Z 005fb3b0 f   t3dlib7.obj
 0002:00112610       ?World_To_Camera_OBJECT4DV2@@YAXPAUOBJECT4DV2_TYP@@PAUCAM4DV1_TYP@@@Z 005fb610 f   t3dlib7.obj
 0002:00112710       ?Camera_To_Perspective_RENDERLIST4DV2@@YAXPAURENDERLIST4DV2_TYP@@PAUCAM4DV1_TYP@@@Z 005fb710 f   t3dlib7.obj
 0002:001128b0       ?Camera_To_Perspective_Screen_RENDERLIST4DV2@@YAXPAURENDERLIST4DV2_TYP@@PAUCAM4DV1_TYP@@@Z 005fb8b0 f   t3dlib7.obj
 0002:00112b20       ?Perspective_To_Screen_RENDERLIST4DV2@@YAXPAURENDERLIST4DV2_TYP@@PAUCAM4DV1_TYP@@@Z 005fbb20 f   t3dlib7.obj
 0002:00112cd0       ?World_To_Camera_RENDERLIST4DV2@@YAXPAURENDERLIST4DV2_TYP@@PAUCAM4DV1_TYP@@@Z 005fbcd0 f   t3dlib7.obj
 0002:00112e40       ?Camera_To_Perspective_OBJECT4DV2@@YAXPAUOBJECT4DV2_TYP@@PAUCAM4DV1_TYP@@@Z 005fbe40 f   t3dlib7.obj
 0002:00112f80       ?Camera_To_Perspective_Screen_OBJECT4DV2@@YAXPAUOBJECT4DV2_TYP@@PAUCAM4DV1_TYP@@@Z 005fbf80 f   t3dlib7.obj
 0002:001131a0       ?Perspective_To_Screen_OBJECT4DV2@@YAXPAUOBJECT4DV2_TYP@@PAUCAM4DV1_TYP@@@Z 005fc1a0 f   t3dlib7.obj
 0002:00113300       ?Convert_From_Homogeneous4D_OBJECT4DV2@@YAXPAUOBJECT4DV2_TYP@@@Z 005fc300 f   t3dlib7.obj
 0002:00113390       ?Insert_POLY4DV2_RENDERLIST4DV2@@YAHPAURENDERLIST4DV2_TYP@@PAUPOLY4DV2_TYP@@@Z 005fc390 f   t3dlib7.obj
 0002:00113950       ?VERTEX4DTV1_COPY@@YAXPAUVERTEX4DTV1_TYP@@0@Z 005fc950 f i t3dlib7.obj
 0002:00113990       ?Insert_POLYF4DV2_RENDERLIST4DV2@@YAHPAURENDERLIST4DV2_TYP@@PAUPOLYF4DV2_TYP@@@Z 005fc990 f   t3dlib7.obj
 0002:00113b40       ?Insert_OBJECT4DV2_RENDERLIST4DV2@@YAHPAURENDERLIST4DV2_TYP@@PAUOBJECT4DV2_TYP@@H@Z 005fcb40 f   t3dlib7.obj
 0002:00113ca0       ?Reset_OBJECT4DV2@@YAXPAUOBJECT4DV2_TYP@@@Z 005fcca0 f   t3dlib7.obj
 0002:00113d70       ?Draw_OBJECT4DV2_Wire@@YAXPAUOBJECT4DV2_TYP@@PAEH@Z 005fcd70 f   t3dlib7.obj
 0002:00114070       ?Draw_OBJECT4DV2_Wire16@@YAXPAUOBJECT4DV2_TYP@@PAEH@Z 005fd070 f   t3dlib7.obj
 0002:00114370       ?Sort_RENDERLIST4DV2@@YAXPAURENDERLIST4DV2_TYP@@H@Z 005fd370 f   t3dlib7.obj
 0002:00114460       ?Compare_AvgZ_POLYF4DV2@@YAHPBX0@Z 005fd460 f   t3dlib7.obj
 0002:00114580       ?Compare_NearZ_POLYF4DV2@@YAHPBX0@Z 005fd580 f   t3dlib7.obj
 0002:001147a0       ?Compare_FarZ_POLYF4DV2@@YAHPBX0@Z 005fd7a0 f   t3dlib7.obj
 0002:001149c0       ?Light_OBJECT4DV2_World16@@YAHPAUOBJECT4DV2_TYP@@PAUCAM4DV1_TYP@@PAULIGHTV1_TYP@@H@Z 005fd9c0 f   t3dlib7.obj
 0002:00118b90       ?VECTOR4D_Length_Fast2@@YAMPAUVECTOR4D_TYP@@@Z 00601b90 f i t3dlib7.obj
 0002:00118ce0       ?Light_OBJECT4DV2_World@@YAHPAUOBJECT4DV2_TYP@@PAUCAM4DV1_TYP@@PAULIGHTV1_TYP@@H@Z 00601ce0 f   t3dlib7.obj
 0002:0011ce80       ?Light_RENDERLIST4DV2_World16@@YAHPAURENDERLIST4DV2_TYP@@PAUCAM4DV1_TYP@@PAULIGHTV1_TYP@@H@Z 00605e80 f   t3dlib7.obj
 0002:00120e90       ?Light_RENDERLIST4DV2_World@@YAHPAURENDERLIST4DV2_TYP@@PAUCAM4DV1_TYP@@PAULIGHTV1_TYP@@H@Z 00609e90 f   t3dlib7.obj
 0002:00124e70       ?Compute_OBJECT4DV2_Radius@@YAMPAUOBJECT4DV2_TYP@@@Z 0060de70 f   t3dlib7.obj
 0002:001250e0       ?Extract_Filename_From_Path@@YAPADPAD0@Z 0060e0e0 f   t3dlib7.obj
 0002:001252c0       ?Load_OBJECT4DV2_COB@@YAHPAUOBJECT4DV2_TYP@@PADPAUVECTOR4D_TYP@@22H@Z 0060e2c0 f   t3dlib7.obj
 0002:00128f10       ?Load_OBJECT4DV2_3DSASC@@YAHPAUOBJECT4DV2_TYP@@PADPAUVECTOR4D_TYP@@22H@Z 00611f10 f   t3dlib7.obj
 0002:0012a4f0       ?Load_OBJECT4DV2_PLG@@YAHPAUOBJECT4DV2_TYP@@PADPAUVECTOR4D_TYP@@22H@Z 006134f0 f   t3dlib7.obj
 0002:0012b420       ?Reset_RENDERLIST4DV2@@YAXPAURENDERLIST4DV2_TYP@@@Z 00614420 f   t3dlib7.obj
 0002:0012b460       ?Draw_RENDERLIST4DV2_Wire16@@YAXPAURENDERLIST4DV2_TYP@@PAEH@Z 00614460 f   t3dlib7.obj
 0002:0012b6c0       ?Draw_RENDERLIST4DV2_Wire@@YAXPAURENDERLIST4DV2_TYP@@PAEH@Z 006146c0 f   t3dlib7.obj
 0002:0012b920       ?Draw_RENDERLIST4DV2_Solid16@@YAXPAURENDERLIST4DV2_TYP@@PAEH@Z 00614920 f   t3dlib7.obj
 0002:0012bf40       ?Draw_RENDERLIST4DV2_Solid@@YAXPAURENDERLIST4DV2_TYP@@PAEH@Z 00614f40 f   t3dlib7.obj
 0002:0012c560       ?Draw_OBJECT4DV2_Solid@@YAXPAUOBJECT4DV2_TYP@@PAEH@Z 00615560 f   t3dlib7.obj
 0002:0012cca0       ?Draw_OBJECT4DV2_Solid16@@YAXPAUOBJECT4DV2_TYP@@PAEH@Z 00615ca0 f   t3dlib7.obj
 0002:0012d3e0       ?Draw_Textured_Triangle@@YAXPAUPOLYF4DV2_TYP@@PAEH@Z 006163e0 f   t3dlib7.obj
 0002:0012f9f0       ?Draw_Textured_TriangleFS@@YAXPAUPOLYF4DV2_TYP@@PAEH@Z 006189f0 f   t3dlib7.obj
 0002:00132120       ?Draw_Textured_Triangle16@@YAXPAUPOLYF4DV2_TYP@@PAEH@Z 0061b120 f   t3dlib7.obj
 0002:00134780       ?Draw_Textured_TriangleFS16@@YAXPAUPOLYF4DV2_TYP@@PAEH@Z 0061d780 f   t3dlib7.obj
 0002:001371b0       ?Draw_Top_Tri2_16@@YAXMMMMMMHPAEH@Z 006201b0 f   t3dlib7.obj
 0002:00137840       ?ceil@@YAMM@Z              00620840 f i t3dlib7.obj
 0002:001378a0       _ceilf                     006208a0 f i t3dlib7.obj
 0002:00137910       ?Draw_Bottom_Tri2_16@@YAXMMMMMMHPAEH@Z 00620910 f   t3dlib7.obj
 0002:00137fa0       ?Draw_Triangle_2D2_16@@YAXMMMMMMHPAEH@Z 00620fa0 f   t3dlib7.obj
 0002:001385e0       ?Draw_Top_Tri2@@YAXMMMMMMHPAEH@Z 006215e0 f   t3dlib7.obj
 0002:00138c50       ?Draw_Bottom_Tri2@@YAXMMMMMMHPAEH@Z 00621c50 f   t3dlib7.obj
 0002:001392a0       ?Draw_Triangle_2D2@@YAXMMMMMMHPAEH@Z 006222a0 f   t3dlib7.obj
 0002:001398e0       ?Load_Bitmap_File2@@YAHPAUBITMAP_FILE_TAG@@PAD@Z 006228e0 f   t3dlib7.obj
 0002:00139a70       ?Load_Bitmap_PCX_File@@YAHPAUBITMAP_FILE_TAG@@PAD@Z 00622a70 f   t3dlib7.obj
 0002:00139f00       ?Compute_OBJECT4DV2_Poly_Normals@@YAHPAUOBJECT4DV2_TYP@@@Z 00622f00 f   t3dlib7.obj
 0002:0013a0e0       ?Compute_OBJECT4DV2_Vertex_Normals@@YAHPAUOBJECT4DV2_TYP@@@Z 006230e0 f   t3dlib7.obj
 0002:0013a7b0       ?Draw_Gouraud_Triangle16@@YAXPAUPOLYF4DV2_TYP@@PAEH@Z 006237b0 f   t3dlib7.obj
 0002:0013d6f0       ?Draw_Gouraud_Triangle@@YAXPAUPOLYF4DV2_TYP@@PAEH@Z 006266f0 f   t3dlib7.obj
 0002:00140600       ?RGB_12_8_Lighting_Table_Builder@@YAHPAUtagPALETTEENTRY@@QAY0BAA@E@Z 00629600 f   t3dlib7.obj
 0002:00140870       ?Draw_RENDERLIST4DV1_Solid2_16@@YAXPAURENDERLIST4DV1_TYP@@PAEH@Z 00629870 f   t3dlib7.obj
 0002:001409d0       ?Draw_OBJECT4DV1_Solid2@@YAXPAUOBJECT4DV1_TYP@@PAEH@Z 006299d0 f   t3dlib7.obj
 0002:00140ba0       ?Draw_RENDERLIST4DV1_Solid2@@YAXPAURENDERLIST4DV1_TYP@@PAEH@Z 00629ba0 f   t3dlib7.obj
 0002:00140d00       ?Draw_OBJECT4DV1_Solid2_16@@YAXPAUOBJECT4DV1_TYP@@PAEH@Z 00629d00 f   t3dlib7.obj
 0002:00140ed0       ?Draw_RENDERLIST4DV2_Textured@@YAXPAURENDERLIST4DV2_TYP@@PAEHPAUBITMAP_IMAGE_TYP@@@Z 00629ed0 f   t3dlib7.obj
 0002:00141150       ?Draw_RENDERLIST4DV2_Textured16@@YAXPAURENDERLIST4DV2_TYP@@PAEHPAUBITMAP_IMAGE_TYP@@@Z 0062a150 f   t3dlib7.obj
 0002:001413d0       ?Draw_OBJECT4DV1_Textured@@YAXPAUOBJECT4DV1_TYP@@PAEH@Z 0062a3d0 f   t3dlib7.obj
 0002:001415a0       ?Draw_RENDERLIST4DV1_Textured@@YAXPAURENDERLIST4DV1_TYP@@PAEHPAUBITMAP_IMAGE_TYP@@@Z 0062a5a0 f   t3dlib7.obj
 0002:00141800       ?Draw_RENDERLIST4DV1_Textured16@@YAXPAURENDERLIST4DV1_TYP@@PAEHPAUBITMAP_IMAGE_TYP@@@Z 0062a800 f   t3dlib7.obj
 0002:00141a60       ?Clip_Polys_RENDERLIST4DV2@@YAXPAURENDERLIST4DV2_TYP@@PAUCAM4DV1_TYP@@H@Z 0062aa60 f   t3dlib8.obj
 0002:001430f0       ?Generate_Terrain_OBJECT4DV2@@YAHPAUOBJECT4DV2_TYP@@MMMPAD1HPAUVECTOR4D_TYP@@2H@Z 0062c0f0 f   t3dlib8.obj
 0002:00144650       ?Init_Light_LIGHTV2@@YAHPAULIGHTV2_TYP@@HHHURGBAV1_TYP@@11PAUVECTOR4D_TYP@@2MMMMMM@Z 0062d650 f   t3dlib8.obj
 0002:001448c0       ?Reset_Lights_LIGHTV2@@YAHPAULIGHTV2_TYP@@H@Z 0062d8c0 f   t3dlib8.obj
 0002:00144940       ?Light_OBJECT4DV2_World2_16@@YAHPAUOBJECT4DV2_TYP@@PAUCAM4DV1_TYP@@PAULIGHTV2_TYP@@H@Z 0062d940 f   t3dlib8.obj
 0002:00148cf0       ?Light_OBJECT4DV2_World2@@YAHPAUOBJECT4DV2_TYP@@PAUCAM4DV1_TYP@@PAULIGHTV2_TYP@@H@Z 00631cf0 f   t3dlib8.obj
 0002:0014d070       ?Light_RENDERLIST4DV2_World2_16@@YAHPAURENDERLIST4DV2_TYP@@PAUCAM4DV1_TYP@@PAULIGHTV2_TYP@@H@Z 00636070 f   t3dlib8.obj
 0002:00151260       ?Light_RENDERLIST4DV2_World2@@YAHPAURENDERLIST4DV2_TYP@@PAUCAM4DV1_TYP@@PAULIGHTV2_TYP@@H@Z 0063a260 f   t3dlib8.obj
 0002:00155420       ?Transform_LIGHTSV2@@YAXPAULIGHTV2_TYP@@HPAUMATRIX4X4_TYP@@H@Z 0063e420 f   t3dlib8.obj
 0002:00155840       ?Draw_Triangle_2DZB_16@@YAXPAUPOLYF4DV2_TYP@@PAEH1H@Z 0063e840 f   t3dlib9.obj
 0002:00157970       ?Draw_Textured_TriangleZB16@@YAXPAUPOLYF4DV2_TYP@@PAEH1H@Z 00640970 f   t3dlib9.obj
 0002:0015ab50       ?Draw_Textured_TriangleFSZB16@@YAXPAUPOLYF4DV2_TYP@@PAEH1H@Z 00643b50 f   t3dlib9.obj
 0002:0015e0e0       ?Draw_Gouraud_TriangleZB16@@YAXPAUPOLYF4DV2_TYP@@PAEH1H@Z 006470e0 f   t3dlib9.obj
 0002:00161b80       ?Draw_RENDERLIST4DV2_SolidZB16@@YAXPAURENDERLIST4DV2_TYP@@PAEH1H@Z 0064ab80 f   t3dlib9.obj
 0002:001622c0       ?Create_Zbuffer@@YAHPAUZBUFFERV1_TYP@@HHH@Z 0064b2c0 f   t3dlib9.obj
 0002:00162410       ?Delete_Zbuffer@@YAHPAUZBUFFERV1_TYP@@@Z 0064b410 f   t3dlib9.obj
 0002:001624a0       ?Clear_Zbuffer@@YAXPAUZBUFFERV1_TYP@@I@Z 0064b4a0 f   t3dlib9.obj
 0002:00162500       ?Mem_Set_QUAD@@YAXPAXIH@Z  0064b500 f i t3dlib9.obj
 0002:0016254c       _DirectDrawCreateEx@16     0064b54c f   DDRAW:DDRAW.dll
 0002:00162552       _DirectSoundCreate@12      0064b552 f   DSOUND:DSOUND.dll
 0002:00163d60       _DirectInput8Create@20     0064cd60 f   DINPUT8:DINPUT8.dll
 0002:00163d66       _mmioAscend@12             0064cd66 f   WINMM:WINMM.dll
 0002:00163d6c       _mmioRead@12               0064cd6c f   WINMM:WINMM.dll
 0002:00163d72       _mmioClose@8               0064cd72 f   WINMM:WINMM.dll
 0002:00163d78       _mmioDescend@16            0064cd78 f   WINMM:WINMM.dll
 0002:00163d7e       _mmioOpenA@12              0064cd7e f   WINMM:WINMM.dll
 0002:00163d84       _GetTickCount@0            0064cd84 f   kernel32:KERNEL32.dll
 0002:00163d8a       __lclose@4                 0064cd8a f   kernel32:KERNEL32.dll
 0002:00163d90       __lread@12                 0064cd90 f   kernel32:KERNEL32.dll
 0002:00163d96       _OpenFile@12               0064cd96 f   kernel32:KERNEL32.dll
 0002:00163d9c       _QueryPerformanceCounter@4 0064cd9c f   kernel32:KERNEL32.dll
 0002:00163da2       _QueryPerformanceFrequency@4 0064cda2 f   kernel32:KERNEL32.dll
 0002:00163da8       _MultiByteToWideChar@24    0064cda8 f   kernel32:KERNEL32.dll
 0002:00163dae       _DefWindowProcA@16         0064cdae f   user32:USER32.dll
 0002:00163db4       _PostQuitMessage@4         0064cdb4 f   user32:USER32.dll
 0002:00163dba       _EndPaint@8                0064cdba f   user32:USER32.dll
 0002:00163dc0       _BeginPaint@8              0064cdc0 f   user32:USER32.dll
 0002:00163dc6       _DispatchMessageA@4        0064cdc6 f   user32:USER32.dll
 0002:00163dcc       _TranslateMessage@4        0064cdcc f   user32:USER32.dll
 0002:00163dd2       _PeekMessageA@20           0064cdd2 f   user32:USER32.dll
 0002:00163dd8       _SystemParametersInfoA@16  0064cdd8 f   user32:USER32.dll
 0002:00163dde       _ShowWindow@8              0064cdde f   user32:USER32.dll
 0002:00163de4       _MoveWindow@24             0064cde4 f   user32:USER32.dll
 0002:00163dea       _AdjustWindowRectEx@16     0064cdea f   user32:USER32.dll
 0002:00163df0       _GetMenu@4                 0064cdf0 f   user32:USER32.dll
 0002:00163df6       _GetWindowLongA@8          0064cdf6 f   user32:USER32.dll
 0002:00163dfc       _CreateWindowExA@48        0064cdfc f   user32:USER32.dll
 0002:00163e02       _RegisterClassA@4          0064ce02 f   user32:USER32.dll
 0002:00163e08       _LoadCursorA@8             0064ce08 f   user32:USER32.dll
 0002:00163e0e       _LoadIconA@8               0064ce0e f   user32:USER32.dll
 0002:00163e14       _ShowCursor@4              0064ce14 f   user32:USER32.dll
 0002:00163e1a       _PostMessageA@16           0064ce1a f   user32:USER32.dll
 0002:00163e20       _GetAsyncKeyState@4        0064ce20 f   user32:USER32.dll
 0002:00163e26       _GetWindowRect@8           0064ce26 f   user32:USER32.dll
 0002:00163e2c       _GetStockObject@4          0064ce2c f   gdi32:GDI32.dll
 0002:00163e32       _TextOutA@20               0064ce32 f   gdi32:GDI32.dll
 0002:00163e38       _SetBkMode@8               0064ce38 f   gdi32:GDI32.dll
 0002:00163e3e       _SetTextColor@8            0064ce3e f   gdi32:GDI32.dll
 0002:00163e44       _CoCreateInstance@20       0064ce44 f   ole32:ole32.dll
 0002:00163e4a       _CoInitialize@4            0064ce4a f   ole32:ole32.dll
 0002:00163e50       _CoUninitialize@0          0064ce50 f   ole32:ole32.dll
 0002:00163e60       ??2@YAPAXIABU_DebugHeapTag_t@std@@PADH@Z 0064ce60 f   libcpmtd:xdebug.obj
 0002:00163f00       ??0bad_alloc@std@@QAE@XZ   0064cf00 f i libcpmtd:xdebug.obj
 0002:00163f40       ??_U@YAPAXIABU_DebugHeapTag_t@std@@PADH@Z 0064cf40 f   libcpmtd:xdebug.obj
 0002:00163f70       ??3@YAXPAXABU_DebugHeapTag_t@std@@PADH@Z 0064cf70 f   libcpmtd:xdebug.obj
 0002:00163f90       ??_V@YAXPAXABU_DebugHeapTag_t@std@@PADH@Z 0064cf90 f   libcpmtd:xdebug.obj
 0002:00163fc0       ?_DebugHeapTag_func@std@@YAABU_DebugHeapTag_t@1@XZ 0064cfc0 f   libcpmtd:xdebug.obj
 0002:00163fd0       __RTC_CheckEsp             0064cfd0 f   LIBCMTD:_stack_.obj
 0002:00164000       @_RTC_CheckStackVars@8     0064d000 f   LIBCMTD:_stack_.obj
 0002:00164080       @_RTC_AllocaHelper@12      0064d080 f   LIBCMTD:_stack_.obj
 0002:001640c0       @_RTC_CheckStackVars2@12   0064d0c0 f   LIBCMTD:_stack_.obj
 0002:001641d0       __RTC_InitBase             0064d1d0 f   LIBCMTD:_init_.obj
 0002:00164210       __RTC_Shutdown             0064d210 f   LIBCMTD:_init_.obj
 0002:00164230       _srand                     0064d230 f   LIBCMTD:rand.obj
 0002:00164250       _rand                      0064d250 f   LIBCMTD:rand.obj
 0002:001642a0       __fpmath                   0064d2a0 f   LIBCMTD:_fpinit_.obj
 0002:001642d0       __fpclear                  0064d2d0 f   LIBCMTD:_fpinit_.obj
 0002:001642e0       __cfltcvt_init             0064d2e0 f   LIBCMTD:_fpinit_.obj
 0002:00164370       ___setfflag                0064d370 f   LIBCMTD:_fpinit_.obj
 0002:001643a0       _sprintf                   0064d3a0 f   LIBCMTD:sprintf.obj
 0002:00164580       __sprintf_l                0064d580 f   LIBCMTD:sprintf.obj
 0002:001645c0       _sprintf_s                 0064d5c0 f   LIBCMTD:sprintf.obj
 0002:00164600       __sprintf_s_l              0064d600 f   LIBCMTD:sprintf.obj
 0002:00164640       __snprintf_s               0064d640 f   LIBCMTD:sprintf.obj
 0002:00164680       __snprintf_s_l             0064d680 f   LIBCMTD:sprintf.obj
 0002:001646c0       __sprintf_p                0064d6c0 f   LIBCMTD:sprintf.obj
 0002:00164700       __sprintf_p_l              0064d700 f   LIBCMTD:sprintf.obj
 0002:00164740       __scprintf                 0064d740 f   LIBCMTD:sprintf.obj
 0002:00164770       __scprintf_p               0064d770 f   LIBCMTD:sprintf.obj
 0002:001647a0       __scprintf_l               0064d7a0 f   LIBCMTD:sprintf.obj
 0002:001647d0       __scprintf_p_l             0064d7d0 f   LIBCMTD:sprintf.obj
 0002:00164800       __chkstk                   0064d800 f   LIBCMTD:chkstk.obj
 0002:00164800       __alloca_probe             0064d800     LIBCMTD:chkstk.obj
 0002:00164840       __CxxThrowException@8      0064d840 f   LIBCMTD:throw.obj
 0002:001648b0       ?name@type_info@@QBEPBDPAU__type_info_node@@@Z 0064d8b0 f   LIBCMTD:typinfo.obj
 0002:001648e0       ??1type_info@@UAE@XZ       0064d8e0 f   LIBCMTD:typinfo.obj
 0002:00164910       ??_Gtype_info@@UAEPAXI@Z   0064d910 f i LIBCMTD:typinfo.obj
 0002:00164910       ??_Etype_info@@UAEPAXI@Z   0064d910 f i LIBCMTD:typinfo.obj
 0002:00164950       ?_name_internal_method@type_info@@QBEPBDPAU__type_info_node@@@Z 0064d950 f   LIBCMTD:typinfo.obj
 0002:00164980       ?_type_info_dtor_internal_method@type_info@@QAEXXZ 0064d980 f   LIBCMTD:typinfo.obj
 0002:001649a0       ??8type_info@@QBE_NABV0@@Z 0064d9a0 f   LIBCMTD:typinfo.obj
 0002:001649e0       ??9type_info@@QBE_NABV0@@Z 0064d9e0 f   LIBCMTD:typinfo.obj
 0002:00164a20       ?before@type_info@@QBEHABV1@@Z 0064da20 f   LIBCMTD:typinfo.obj
 0002:00164a60       ?raw_name@type_info@@QBEPBDXZ 0064da60 f   LIBCMTD:typinfo.obj
 0002:00164a80       ??0type_info@@AAE@ABV0@@Z  0064da80 f   LIBCMTD:typinfo.obj
 0002:00164ab0       ??4type_info@@AAEAAV0@ABV0@@Z 0064dab0 f   LIBCMTD:typinfo.obj
 0002:00164ad0       ??0exception@std@@QAE@XZ   0064dad0 f   LIBCMTD:stdexcpt.obj
 0002:00164b10       ??_Eexception@std@@UAEPAXI@Z 0064db10 f i LIBCMTD:stdexcpt.obj
 0002:00164b10       ??_Gexception@std@@UAEPAXI@Z 0064db10 f i LIBCMTD:stdexcpt.obj
 0002:00164b50       ??0exception@std@@QAE@ABQBD@Z 0064db50 f   LIBCMTD:stdexcpt.obj
 0002:00164c00       ??0exception@std@@QAE@ABQBDH@Z 0064dc00 f   LIBCMTD:stdexcpt.obj
 0002:00164c40       ??0exception@std@@QAE@ABV01@@Z 0064dc40 f   LIBCMTD:stdexcpt.obj
 0002:00164d10       ??4exception@std@@QAEAAV01@ABV01@@Z 0064dd10 f   LIBCMTD:stdexcpt.obj
 0002:00164de0       ??1exception@std@@UAE@XZ   0064dde0 f   LIBCMTD:stdexcpt.obj
 0002:00164e20       ?what@exception@std@@UBEPBDXZ 0064de20 f   LIBCMTD:stdexcpt.obj
 0002:00164e50       ??0bad_cast@std@@QAE@PBD@Z 0064de50 f   LIBCMTD:stdexcpt.obj
 0002:00164e80       ??_Gbad_cast@std@@UAEPAXI@Z 0064de80 f i LIBCMTD:stdexcpt.obj
 0002:00164e80       ??_Ebad_cast@std@@UAEPAXI@Z 0064de80 f i LIBCMTD:stdexcpt.obj
 0002:00164ec0       ??0bad_cast@std@@QAE@ABV01@@Z 0064dec0 f   LIBCMTD:stdexcpt.obj
 0002:00164ef0       ??1bad_cast@std@@UAE@XZ    0064def0 f   LIBCMTD:stdexcpt.obj
 0002:00164f20       ??0bad_typeid@std@@QAE@PBD@Z 0064df20 f   LIBCMTD:stdexcpt.obj
 0002:00164f50       ??_Ebad_typeid@std@@UAEPAXI@Z 0064df50 f i LIBCMTD:stdexcpt.obj
 0002:00164f50       ??_Gbad_typeid@std@@UAEPAXI@Z 0064df50 f i LIBCMTD:stdexcpt.obj
 0002:00164f90       ??0bad_typeid@std@@QAE@ABV01@@Z 0064df90 f   LIBCMTD:stdexcpt.obj
 0002:00164fc0       ??1bad_typeid@std@@UAE@XZ  0064dfc0 f   LIBCMTD:stdexcpt.obj
 0002:00164ff0       ??0__non_rtti_object@std@@QAE@PBD@Z 0064dff0 f   LIBCMTD:stdexcpt.obj
 0002:00165020       ??_E__non_rtti_object@std@@UAEPAXI@Z 0064e020 f i LIBCMTD:stdexcpt.obj
 0002:00165020       ??_G__non_rtti_object@std@@UAEPAXI@Z 0064e020 f i LIBCMTD:stdexcpt.obj
 0002:00165060       ??0__non_rtti_object@std@@QAE@ABV01@@Z 0064e060 f   LIBCMTD:stdexcpt.obj
 0002:00165090       ??1__non_rtti_object@std@@UAE@XZ 0064e090 f   LIBCMTD:stdexcpt.obj
 0002:001650c0       ??3@YAXPAX@Z               0064e0c0 f   LIBCMTD:dbgdel.obj
 0002:001651e0       _free                      0064e1e0 f   LIBCMTD:dbgfree.obj
 0002:00165200       _memset                    0064e200 f   LIBCMTD:memset.obj
 0002:001652a0       _memcpy                    0064e2a0 f   LIBCMTD:memcpy.obj
 0002:001656e0       _malloc                    0064e6e0 f   LIBCMTD:dbgmalloc.obj
 0002:00165720       _fclose                    0064e720 f   LIBCMTD:fclose.obj
 0002:00165870       __fclose_nolock            0064e870 f   LIBCMTD:fclose.obj
 0002:001659b0       _vfscanf                   0064e9b0 f   LIBCMTD:fscanf.obj
 0002:00165cd0       _fscanf                    0064ecd0 f   LIBCMTD:fscanf.obj
 0002:00165d10       __fscanf_l                 0064ed10 f   LIBCMTD:fscanf.obj
 0002:00165d50       _fscanf_s                  0064ed50 f   LIBCMTD:fscanf.obj
 0002:00165d90       __fscanf_s_l               0064ed90 f   LIBCMTD:fscanf.obj
 0002:00165dd0       __fsopen                   0064edd0 f   LIBCMTD:fopen.obj
 0002:00166060       _fopen                     0064f060 f   LIBCMTD:fopen.obj
 0002:00166080       _fopen_s                   0064f080 f   LIBCMTD:fopen.obj
 0002:00166150       _fprintf                   0064f150 f   LIBCMTD:fprintf.obj
 0002:001664a0       __fprintf_l                0064f4a0 f   LIBCMTD:fprintf.obj
 0002:001664e0       __fprintf_s_l              0064f4e0 f   LIBCMTD:fprintf.obj
 0002:00166520       _fprintf_s                 0064f520 f   LIBCMTD:fprintf.obj
 0002:00166550       __fprintf_p_l              0064f550 f   LIBCMTD:fprintf.obj
 0002:00166590       __fprintf_p                0064f590 f   LIBCMTD:fprintf.obj
 0002:001665c0       __ftime64_s                0064f5c0 f   LIBCMTD:ftime64.obj
 0002:00166840       __invoke_watson_if_error   0064f840 f i LIBCMTD:ftime64.obj
 0002:00166880       __ftime64                  0064f880 f   LIBCMTD:ftime64.obj
 0002:001668a0       __ctime64_s                0064f8a0 f   LIBCMTD:ctime64.obj
 0002:00166af0       __ctime64                  0064faf0 f   LIBCMTD:ctime64.obj
 0002:00166be0       ___iob_func                0064fbe0 f   LIBCMTD:_file.obj
 0002:00166bf0       ___initstdio               0064fbf0 f   LIBCMTD:_file.obj
 0002:00166d90       ___endstdio                0064fd90 f   LIBCMTD:_file.obj
 0002:00166dd0       __lock_file                0064fdd0 f   LIBCMTD:_file.obj
 0002:00166e40       __lock_file2               0064fe40 f   LIBCMTD:_file.obj
 0002:00166e90       __unlock_file              0064fe90 f   LIBCMTD:_file.obj
 0002:00166f00       __unlock_file2             0064ff00 f   LIBCMTD:_file.obj
 0002:00166f50       _fflush                    0064ff50 f   LIBCMTD:fflush.obj
 0002:00167010       __fflush_nolock            00650010 f   LIBCMTD:fflush.obj
 0002:00167080       __flush                    00650080 f   LIBCMTD:fflush.obj
 0002:00167170       __flushall                 00650170 f   LIBCMTD:fflush.obj
 0002:001673a0       __vsprintf_l               006503a0 f   LIBCMTD:vsprintf.obj
 0002:00167570       _vsprintf                  00650570 f   LIBCMTD:vsprintf.obj
 0002:001675a0       __vscprintf_helper         006505a0 f   LIBCMTD:vsprintf.obj
 0002:00167690       __vscprintf                00650690 f   LIBCMTD:vsprintf.obj
 0002:001676c0       __vscprintf_l              006506c0 f   LIBCMTD:vsprintf.obj
 0002:001676f0       __vscprintf_p              006506f0 f   LIBCMTD:vsprintf.obj
 0002:00167720       __vscprintf_p_l            00650720 f   LIBCMTD:vsprintf.obj
 0002:00167750       _memmove                   00650750 f   LIBCMTD:memmove.obj
 0002:00167b90       _DebuggerKnownHandle       00650b90 f   LIBCMTD:_error_.obj
 0002:00167c70       ?_RTC_Failure@@YAXPAXH@Z   00650c70 f   LIBCMTD:_error_.obj
 0002:00168040       ?_RTC_StackFailure@@YAXPAXPBD@Z 00651040 f   LIBCMTD:_error_.obj
 0002:00168180       ?_RTC_AllocaFailure@@YAXPAXPAU_RTC_ALLOCA_NODE@@H@Z 00651180 f   LIBCMTD:_error_.obj
 0002:00168390       __RTC_UninitUse            00651390 f   LIBCMTD:_error_.obj
 0002:001684c0       __ftol2_sse                006514c0 f   LIBCMTD:ftol2.obj
 0002:001684c9       __ftol2_pentium4           006514c9 f   LIBCMTD:ftol2.obj
 0002:001684dc       __ftol2_sse_excpt          006514dc f   LIBCMTD:ftol2.obj
 0002:001684f6       __ftol2                    006514f6 f   LIBCMTD:ftol2.obj
 0002:001685a0       _cos                       006515a0 f   LIBCMTD:_cos_.obj
 0002:001685e0       __CIcos                    006515e0 f   LIBCMTD:_cos_.obj
 0002:0016861b       __CIcos_default            0065161b f   LIBCMTD:_cos_.obj
 0002:0016862f       __cos_default              0065162f     LIBCMTD:_cos_.obj
 0002:00168720       _sin                       00651720 f   LIBCMTD:_sin_.obj
 0002:00168760       __CIsin                    00651760 f   LIBCMTD:_sin_.obj
 0002:0016879b       __CIsin_default            0065179b f   LIBCMTD:_sin_.obj
 0002:001687af       __sin_default              006517af     LIBCMTD:_sin_.obj
 0002:001688a0       ?_JumpToContinuation@@YGXPAXPAUEHRegistrationNode@@@Z 006518a0 f   LIBCMTD:_trnsctrl_.obj
 0002:001688f0       ?_CallMemberFunction0@@YGXPAX0@Z 006518f0 f   LIBCMTD:_trnsctrl_.obj
 0002:00168900       ?_CallMemberFunction1@@YGXPAX00@Z 00651900 f   LIBCMTD:_trnsctrl_.obj
 0002:00168910       ?_CallMemberFunction2@@YGXPAX00H@Z 00651910 f   LIBCMTD:_trnsctrl_.obj
 0002:00168920       ?_UnwindNestedFrames@@YGXPAUEHRegistrationNode@@PAUEHExceptionRecord@@@Z 00651920 f   LIBCMTD:_trnsctrl_.obj
 0002:00168990       ___CxxFrameHandler         00651990 f   LIBCMTD:_trnsctrl_.obj
 0002:001689e0       ___CxxFrameHandler3        006519e0 f   LIBCMTD:_trnsctrl_.obj
 0002:00168a30       ___CxxFrameHandler2        00651a30 f   LIBCMTD:_trnsctrl_.obj
 0002:00168a80       ___CxxLongjmpUnwind@4      00651a80 f   LIBCMTD:_trnsctrl_.obj
 0002:00168ac0       ?_CallCatchBlock2@@YAPAXPAUEHRegistrationNode@@PBU_s_FuncInfo@@PAXHK@Z 00651ac0 f   LIBCMTD:_trnsctrl_.obj
 0002:00168bb0       ?_CallSETranslator@@YAHPAUEHExceptionRecord@@PAUEHRegistrationNode@@PAX2PBU_s_FuncInfo@@H1@Z 00651bb0 f   LIBCMTD:_trnsctrl_.obj
 0002:00168dc0       ?_GetRangeOfTrysToCheck@@YAPBU_s_TryBlockMapEntry@@PBU_s_FuncInfo@@HHPAI1@Z 00651dc0 f   LIBCMTD:_trnsctrl_.obj
 0002:00168e60       __CreateFrameInfo          00651e60 f   LIBCMTD:_trnsctrl_.obj
 0002:00168ea0       __IsExceptionObjectToBeDestroyed 00651ea0 f   LIBCMTD:_trnsctrl_.obj
 0002:00168ee0       __FindAndUnlinkFrame       00651ee0 f   LIBCMTD:_trnsctrl_.obj
 0002:00168f50       _acos                      00651f50 f   LIBCMTD:_acos_.obj
 0002:00168f90       __CIacos                   00651f90 f   LIBCMTD:_acos_.obj
 0002:00168fcb       __CIacos_default           00651fcb f   LIBCMTD:_acos_.obj
 0002:00168fdf       __acos_default             00651fdf     LIBCMTD:_acos_.obj
 0002:001690f0       _fread_s                   006520f0 f   LIBCMTD:fread.obj
 0002:00169270       __fread_nolock_s           00652270 f   LIBCMTD:fread.obj
 0002:001699c0       _fread                     006529c0 f   LIBCMTD:fread.obj
 0002:001699f0       __fread_nolock             006529f0 f   LIBCMTD:fread.obj
 0002:00169a20       _ftell                     00652a20 f   LIBCMTD:ftell.obj
 0002:00169b40       __ftell_nolock             00652b40 f   LIBCMTD:ftell.obj
 0002:00169ec0       _fseek                     00652ec0 f   LIBCMTD:fseek.obj
 0002:0016a090       __fseek_nolock             00653090 f   LIBCMTD:fseek.obj
 0002:0016a1b0       __CIsqrt                   006531b0 f   LIBCMTD:_sqrt_.obj
 0002:0016a1c4       _sqrt                      006531c4     LIBCMTD:_sqrt_.obj
 0002:0016a2a0       __alldiv                   006532a0 f   LIBCMTD:lldiv.obj
 0002:0016a380       __allmul                   00653380 f   LIBCMTD:llmul.obj
 0002:0016a3d0       __getcwd                   006533d0 f   LIBCMTD:getcwd.obj
 0002:0016a480       __getcwd_dbg               00653480 f   LIBCMTD:getcwd.obj
 0002:0016a540       __getdcwd                  00653540 f   LIBCMTD:getcwd.obj
 0002:0016a5f0       __getdcwd_dbg              006535f0 f   LIBCMTD:getcwd.obj
 0002:0016a6b0       __getdcwd_nolock           006536b0 f   LIBCMTD:getcwd.obj
 0002:0016a6e0       __getdcwd_lk_dbg           006536e0 f   LIBCMTD:getcwd.obj
 0002:0016a9d0       __validdrive               006539d0 f   LIBCMTD:getcwd.obj
 0002:0016aa40       _fmod                      00653a40 f   LIBCMTD:_87fmod_.obj
 0002:0016aa4a       __CIfmod                   00653a4a f   LIBCMTD:_87fmod_.obj
 0002:0016aa80       _atan                      00653a80 f   LIBCMTD:_atan_.obj
 0002:0016aac0       __CIatan                   00653ac0 f   LIBCMTD:_atan_.obj
 0002:0016aafb       __CIatan_default           00653afb f   LIBCMTD:_atan_.obj
 0002:0016ab0f       __atan_default             00653b0f     LIBCMTD:_atan_.obj
 0002:0016abe0       _asin                      00653be0 f   LIBCMTD:_asin_.obj
 0002:0016ac20       __CIasin                   00653c20 f   LIBCMTD:_asin_.obj
 0002:0016ac5b       __CIasin_default           00653c5b f   LIBCMTD:_asin_.obj
 0002:0016ac6f       __asin_default             00653c6f     LIBCMTD:_asin_.obj
 0002:0016ad80       __isalpha_l                00653d80 f i LIBCMTD:_ctype.obj
 0002:0016ae30       ??0_LocaleUpdate@@QAE@PAUlocaleinfo_struct@@@Z 00653e30 f i LIBCMTD:_ctype.obj
 0002:0016af40       ??1_LocaleUpdate@@QAE@XZ   00653f40 f i LIBCMTD:_ctype.obj
 0002:0016af80       ?GetLocaleT@_LocaleUpdate@@QAEPAUlocaleinfo_struct@@XZ 00653f80 f i LIBCMTD:_ctype.obj
 0002:0016afa0       _isalpha                   00653fa0 f i LIBCMTD:_ctype.obj
 0002:0016afe0       __isupper_l                00653fe0 f i LIBCMTD:_ctype.obj
 0002:0016b080       _isupper                   00654080 f i LIBCMTD:_ctype.obj
 0002:0016b0c0       __islower_l                006540c0 f i LIBCMTD:_ctype.obj
 0002:0016b160       _islower                   00654160 f i LIBCMTD:_ctype.obj
 0002:0016b1a0       __isdigit_l                006541a0 f i LIBCMTD:_ctype.obj
 0002:0016b240       _isdigit                   00654240 f i LIBCMTD:_ctype.obj
 0002:0016b280       __isxdigit_l               00654280 f i LIBCMTD:_ctype.obj
 0002:0016b330       _isxdigit                  00654330 f i LIBCMTD:_ctype.obj
 0002:0016b370       __isspace_l                00654370 f i LIBCMTD:_ctype.obj
 0002:0016b410       _isspace                   00654410 f i LIBCMTD:_ctype.obj
 0002:0016b450       __ispunct_l                00654450 f i LIBCMTD:_ctype.obj
 0002:0016b4f0       _ispunct                   006544f0 f i LIBCMTD:_ctype.obj
 0002:0016b530       __isalnum_l                00654530 f i LIBCMTD:_ctype.obj
 0002:0016b5e0       _isalnum                   006545e0 f i LIBCMTD:_ctype.obj
 0002:0016b620       __isprint_l                00654620 f i LIBCMTD:_ctype.obj
 0002:0016b6d0       _isprint                   006546d0 f i LIBCMTD:_ctype.obj
 0002:0016b710       __isgraph_l                00654710 f i LIBCMTD:_ctype.obj
 0002:0016b7c0       _isgraph                   006547c0 f i LIBCMTD:_ctype.obj
 0002:0016b800       __iscntrl_l                00654800 f i LIBCMTD:_ctype.obj
 0002:0016b8a0       _iscntrl                   006548a0 f i LIBCMTD:_ctype.obj
 0002:0016b8e0       ___isascii                 006548e0 f i LIBCMTD:_ctype.obj
 0002:0016b900       ___toascii                 00654900 f i LIBCMTD:_ctype.obj
 0002:0016b910       __iscsymf_l                00654910 f i LIBCMTD:_ctype.obj
 0002:0016b960       ___iscsymf                 00654960 f i LIBCMTD:_ctype.obj
 0002:0016b9a0       __iscsym_l                 006549a0 f i LIBCMTD:_ctype.obj
 0002:0016b9f0       ___iscsym                  006549f0 f i LIBCMTD:_ctype.obj
 0002:0016ba40       _fgets                     00654a40 f   LIBCMTD:fgets.obj
 0002:0016beb0       _atol                      00654eb0 f   LIBCMTD:atox.obj
 0002:0016bed0       __atol_l                   00654ed0 f   LIBCMTD:atox.obj
 0002:0016bf00       _atoi                      00654f00 f   LIBCMTD:atox.obj
 0002:0016bf20       __atoi_l                   00654f20 f   LIBCMTD:atox.obj
 0002:0016bf40       __atoi64                   00654f40 f   LIBCMTD:atox.obj
 0002:0016bf60       __atoi64_l                 00654f60 f   LIBCMTD:atox.obj
 0002:0016bf90       __toupper                  00654f90 f   LIBCMTD:toupper.obj
 0002:0016bfa0       __toupper_l                00654fa0 f   LIBCMTD:toupper.obj
 0002:0016c1f0       _toupper                   006551f0 f   LIBCMTD:toupper.obj
 0002:0016c250       _sscanf                    00655250 f   LIBCMTD:sscanf.obj
 0002:0016c420       __sscanf_l                 00655420 f   LIBCMTD:sscanf.obj
 0002:0016c460       _sscanf_s                  00655460 f   LIBCMTD:sscanf.obj
 0002:0016c4a0       __sscanf_s_l               006554a0 f   LIBCMTD:sscanf.obj
 0002:0016c4e0       _tan                       006554e0 f   LIBCMTD:_tan_.obj
 0002:0016c520       __CItan                    00655520 f   LIBCMTD:_tan_.obj
 0002:0016c55b       __CItan_default            0065555b f   LIBCMTD:_tan_.obj
 0002:0016c56f       __tan_default              0065556f     LIBCMTD:_tan_.obj
[...]
 0004:010042a8       __adjust_fdiv              016e62a8     LIBCMTD:_fpinit_.obj
 0004:010042bc       __cflush                   016e62bc     LIBCMTD:_file.obj
 0004:010042c0       ?wsprintffp@@3P6AHPADPBDZZA 016e62c0     LIBCMTD:_error_.obj
 0004:010042c8       __aenvptr                  016e62c8     LIBCMTD:wincrt0.obj
 0004:010042cc       __wenvptr                  016e62cc     LIBCMTD:wincrt0.obj
 0004:010042d0       ___error_mode              016e62d0     LIBCMTD:wincrt0.obj
 0004:010042ec       ?_pfnDumpClient@@3P6AXPAXI@ZA 016e62ec     LIBCMTD:dbgheap.obj
 0004:010042f4       ___crtDebugCheckCount      016e62f4     LIBCMTD:dbgheap.obj
 0004:01004310       _gpFlsAlloc                016e6310     LIBCMTD:tidtable.obj
 0004:01004314       _gpFlsGetValue             016e6314     LIBCMTD:tidtable.obj
 0004:01004318       _gpFlsSetValue             016e6318     LIBCMTD:tidtable.obj
 0004:0100431c       _gpFlsFree                 016e631c     LIBCMTD:tidtable.obj
 0004:01004324       ___pInvalidArgHandler      016e6324     LIBCMTD:invarg.obj
 0004:010044e8       __newmode                  016e64e8     LIBCMTD:_newmode.obj
 0004:010044ec       __stdbuf                   016e64ec     LIBCMTD:_sftbuf.obj
 0004:010045f4       __umaskval                 016e65f4     LIBCMTD:crt0dat.obj
 0004:010045f8       ___argc                    016e65f8     LIBCMTD:crt0dat.obj
 0004:010045fc       ___argv                    016e65fc     LIBCMTD:crt0dat.obj
 0004:01004600       ___wargv                   016e6600     LIBCMTD:crt0dat.obj
 0004:01004604       __environ                  016e6604     LIBCMTD:crt0dat.obj
 0004:01004608       ___initenv                 016e6608     LIBCMTD:crt0dat.obj
 0004:0100460c       __wenviron                 016e660c     LIBCMTD:crt0dat.obj
 0004:01004610       ___winitenv                016e6610     LIBCMTD:crt0dat.obj
 0004:01004614       __pgmptr                   016e6614     LIBCMTD:crt0dat.obj
 0004:01004618       __wpgmptr                  016e6618     LIBCMTD:crt0dat.obj
 0004:0100461c       __exitflag                 016e661c     LIBCMTD:crt0dat.obj
 0004:01004620       __C_Termination_Done       016e6620     LIBCMTD:crt0dat.obj
 0004:01004624       __C_Exit_Done              016e6624     LIBCMTD:crt0dat.obj
 0004:01004644       ?__pInconsistency@@3P6AXXZA 016e6644     LIBCMTD:hooks.obj
 0004:0100464c       ___mbulinfo                016e664c     LIBCMTD:mbctype.obj
 0004:01004658       ___mbcodepage              016e6658     LIBCMTD:mbctype.obj
 0004:0100465c       ___ismbcodepage            016e665c     LIBCMTD:mbctype.obj
 0004:01004660       ___mblcid                  016e6660     LIBCMTD:mbctype.obj
 0004:0100466c       ___locale_changed          016e666c     LIBCMTD:setlocal.obj
 0004:01004670       ___lc_handle               016e6670     LIBCMTD:nlsdata2.obj
 0004:01004688       ___lc_codepage             016e6688     LIBCMTD:nlsdata2.obj
 0004:0100468c       ___lc_collate_cp           016e668c     LIBCMTD:nlsdata2.obj
 0004:010047e0       __crtheap                  016e67e0     LIBCMTD:heapinit.obj
 0004:01004b9c       ?_pnhHeap@@3P6AHI@ZA       016e6b9c     LIBCMTD:handler.obj
 0004:01004bac       ___sbh_pHeaderDefer        016e6bac     LIBCMTD:sbheap.obj
 0004:01004bb0       __outputformat             016e6bb0     LIBCMTD:outputformat.obj
 0004:01004bf8       ?pArgList@UnDecorator@@0PAVReplicator@@A 016e6bf8     LIBCMTD:undname.obj
 0004:01004bfc       ?pZNameList@UnDecorator@@0PAVReplicator@@A 016e6bfc     LIBCMTD:undname.obj
 0004:01004c00       ?pTemplateArgList@UnDecorator@@0PAVReplicator@@A 016e6c00     LIBCMTD:undname.obj
 0004:01004c04       ?gName@UnDecorator@@0PBDB  016e6c04     LIBCMTD:undname.obj
 0004:01004c08       ?name@UnDecorator@@0PBDB   016e6c08     LIBCMTD:undname.obj
 0004:01004c0c       ?outputString@UnDecorator@@0PADA 016e6c0c     LIBCMTD:undname.obj
 0004:01004c10       ?maxStringLength@UnDecorator@@0HA 016e6c10     LIBCMTD:undname.obj
 0004:01004c14       ?disableFlags@UnDecorator@@0KA 016e6c14     LIBCMTD:undname.obj
 0004:01004c18       ?m_pGetParameter@UnDecorator@@0P6APADJ@ZA 016e6c18     LIBCMTD:undname.obj
 0004:01004c1c       ?fExplicitTemplateParams@UnDecorator@@0_NA 016e6c1c     LIBCMTD:undname.obj
 0004:01004c1d       ?fGetTemplateArgumentList@UnDecorator@@0_NA 016e6c1d     LIBCMTD:undname.obj
 0004:01004c90       ?nodes@?1??make@DNameStatusNode@@SAPAV2@W4DNameStatus@@@Z@4PAV2@A 016e6c90     LIBCMTD:undname.obj
 0004:01004ccc       ??_B?1??make@DNameStatusNode@@SAPAV1@W4DNameStatus@@@Z@51 016e6ccc     LIBCMTD:undname.obj
 0004:01004cd4       __commode                  016e6cd4     LIBCMTD:ncommode.obj
 0004:010050a8       ___pPurecall               016e70a8     LIBCMTD:inithelp.obj
 0004:010050b4       ___lconv_static_null       016e70b4     LIBCMTD:lconv.obj
 0004:010050d4       __fmode                    016e70d4     LIBCMTD:txtmode.obj
 0004:010050dc       __pfnReportHook            016e70dc     <common>
 0004:010050ec       __pReportHookListW         016e70ec     <common>
 0004:010050f0       __pReportHookList          016e70f0     <common>
 0004:010050f4       ___sbh_initialized         016e70f4     <common>
 0004:01005108       ___sbh_cntHeaderList       016e7108     <common>
 0004:0100510c       ___sbh_pHeaderList         016e710c     <common>
 0004:01005110       ___sbh_threshold           016e7110     <common>
 0004:01005114       ___sbh_pHeaderScan         016e7114     <common>
 0004:01005118       ___sbh_sizeHeaderList      016e7118     <common>
 0004:0100511c       ___sbh_indGroupDefer       016e711c     <common>
 0004:01005120       __debugger_hook_dummy      016e7120     <common>
 0004:0100512c       ___active_heap             016e712c     <common>
 0004:01005138       __pmatherr                 016e7138     <common>
 0004:01005144       ___setlc_active            016e7144     <common>
 0004:01005154       ___unguarded_readlc_active 016e7154     <common>
 0004:01005158       ___use_sse2_mathfcns       016e7158     <common>
 0004:01005164       ___env_initialized         016e7164     <common>
 0004:01005174       ___onexitend               016e7174     <common>
 0004:01005178       ___onexitbegin             016e7178     <common>
 0004:0100517c       ___mbctype_initialized     016e717c     <common>
 0004:01005180       ___dyn_tls_init_callback   016e7180     <common>
 0004:01005184       __nhandle                  016e7184     <common>
 0004:010051e0       ___pioinfo                 016e71e0     <common>
 0004:010052e0       ___sse2_available          016e72e0     <common>
 0004:010052ec       __acmdln                   016e72ec     <common>
 0004:010052f8       ___piob                    016e72f8     <common>
 0004:01005640       __bufin                    016e7640     <common>
 0004:01006640       __nstream                  016e8640     <common>
 0005:00000000       __IMPORT_DESCRIPTOR_DDRAW  016e9000     DDRAW:DDRAW.dll
 0005:00000014       __IMPORT_DESCRIPTOR_DSOUND 016e9014     DSOUND:DSOUND.dll
 0005:00000028       __IMPORT_DESCRIPTOR_DINPUT8 016e9028     DINPUT8:DINPUT8.dll
 0005:0000003c       __IMPORT_DESCRIPTOR_WINMM  016e903c     WINMM:WINMM.dll
 0005:00000050       __IMPORT_DESCRIPTOR_KERNEL32 016e9050     kernel32:KERNEL32.dll
 0005:00000064       __IMPORT_DESCRIPTOR_USER32 016e9064     user32:USER32.dll
 0005:00000078       __IMPORT_DESCRIPTOR_GDI32  016e9078     gdi32:GDI32.dll
 0005:0000008c       __IMPORT_DESCRIPTOR_ole32  016e908c     ole32:ole32.dll
 0005:000000a0       __NULL_IMPORT_DESCRIPTOR   016e90a0     DDRAW:DDRAW.dll
 0005:000004b0       __imp__DirectDrawCreateEx@16 016e94b0     DDRAW:DDRAW.dll
 0005:000004b4       \177DDRAW_NULL_THUNK_DATA  016e94b4     DDRAW:DDRAW.dll
 0005:000004e0       __imp__DirectInput8Create@20 016e94e0     DINPUT8:DINPUT8.dll
 0005:000004e4       \177DINPUT8_NULL_THUNK_DATA 016e94e4     DINPUT8:DINPUT8.dll
 0005:00000510       __imp__DirectSoundCreate@12 016e9510     DSOUND:DSOUND.dll
 0005:00000514       \177DSOUND_NULL_THUNK_DATA 016e9514     DSOUND:DSOUND.dll
 0005:00000540       __imp__SetTextColor@8      016e9540     gdi32:GDI32.dll
 0005:00000544       __imp__SetBkMode@8         016e9544     gdi32:GDI32.dll
 0005:00000548       __imp__TextOutA@20         016e9548     gdi32:GDI32.dll
 0005:0000054c       __imp__GetStockObject@4    016e954c     gdi32:GDI32.dll
 0005:00000550       \177GDI32_NULL_THUNK_DATA  016e9550     gdi32:GDI32.dll
 0005:0000057c       __imp__EnumSystemLocalesA@8 016e957c     kernel32:KERNEL32.dll
 0005:00000580       __imp__GetTickCount@0      016e9580     kernel32:KERNEL32.dll
 0005:00000584       __imp___lclose@4           016e9584     kernel32:KERNEL32.dll
 0005:00000588       __imp___lread@12           016e9588     kernel32:KERNEL32.dll
 0005:0000058c       __imp__OpenFile@12         016e958c     kernel32:KERNEL32.dll
 0005:00000590       __imp__QueryPerformanceCounter@4 016e9590     kernel32:KERNEL32.dll
 0005:00000594       __imp__QueryPerformanceFrequency@4 016e9594     kernel32:KERNEL32.dll
 0005:00000598       __imp__MultiByteToWideChar@24 016e9598     kernel32:KERNEL32.dll
 0005:0000059c       __imp__IsValidLocale@8     016e959c     kernel32:KERNEL32.dll
 0005:000005a0       __imp__GetLocaleInfoA@16   016e95a0     kernel32:KERNEL32.dll
 0005:000005a4       __imp__GetDateFormatA@24   016e95a4     kernel32:KERNEL32.dll
 0005:000005a8       __imp__GetUserDefaultLCID@0 016e95a8     kernel32:KERNEL32.dll
 0005:000005ac       __imp__GetStringTypeW@16   016e95ac     kernel32:KERNEL32.dll
 0005:000005b0       __imp__GetStringTypeA@20   016e95b0     kernel32:KERNEL32.dll
 0005:000005b4       __imp__GetConsoleOutputCP@0 016e95b4     kernel32:KERNEL32.dll
 0005:000005b8       __imp__WriteConsoleA@20    016e95b8     kernel32:KERNEL32.dll
 0005:000005bc       __imp__InterlockedExchange@8 016e95bc     kernel32:KERNEL32.dll
 0005:000005c0       __imp__CreateFileA@28      016e95c0     kernel32:KERNEL32.dll
 0005:000005c4       __imp__SetStdHandle@8      016e95c4     kernel32:KERNEL32.dll
 0005:000005c8       __imp__InitializeCriticalSectionAndSpinCount@8 016e95c8     kernel32:KERNEL32.dll
 0005:000005cc       __imp__LoadLibraryW@4      016e95cc     kernel32:KERNEL32.dll
 0005:000005d0       __imp__SetConsoleCtrlHandler@8 016e95d0     kernel32:KERNEL32.dll
 0005:000005d4       __imp__OutputDebugStringW@4 016e95d4     kernel32:KERNEL32.dll
 0005:000005d8       __imp__WriteConsoleW@20    016e95d8     kernel32:KERNEL32.dll
 0005:000005dc       __imp__OutputDebugStringA@4 016e95dc     kernel32:KERNEL32.dll
 0005:000005e0       __imp__VirtualAlloc@16     016e95e0     kernel32:KERNEL32.dll
 0005:000005e4       __imp__HeapReAlloc@16      016e95e4     kernel32:KERNEL32.dll
 0005:000005e8       __imp__HeapSize@12         016e95e8     kernel32:KERNEL32.dll
 0005:000005ec       __imp__VirtualFree@12      016e95ec     kernel32:KERNEL32.dll
 0005:000005f0       __imp__HeapCreate@12       016e95f0     kernel32:KERNEL32.dll
 0005:000005f4       __imp__SetEndOfFile@4      016e95f4     kernel32:KERNEL32.dll
 0005:000005f8       __imp__GetLocaleInfoW@16   016e95f8     kernel32:KERNEL32.dll
 0005:000005fc       __imp__CompareStringA@24   016e95fc     kernel32:KERNEL32.dll
 0005:00000600       __imp__CompareStringW@24   016e9600     kernel32:KERNEL32.dll
 0005:00000604       __imp__GetTimeFormatA@24   016e9604     kernel32:KERNEL32.dll
 0005:00000608       __imp__HeapDestroy@4       016e9608     kernel32:KERNEL32.dll
 0005:0000060c       __imp__GetEnvironmentStringsW@0 016e960c     kernel32:KERNEL32.dll
 0005:00000610       __imp__FreeEnvironmentStringsW@4 016e9610     kernel32:KERNEL32.dll
 0005:00000614       __imp__GetEnvironmentStrings@0 016e9614     kernel32:KERNEL32.dll
 0005:00000618       __imp__RaiseException@16   016e9618     kernel32:KERNEL32.dll
 0005:0000061c       __imp__GetTimeZoneInformation@4 016e961c     kernel32:KERNEL32.dll
 0005:00000620       __imp__GetSystemTimeAsFileTime@4 016e9620     kernel32:KERNEL32.dll
 0005:00000624       __imp__EnterCriticalSection@4 016e9624     kernel32:KERNEL32.dll
 0005:00000628       __imp__LeaveCriticalSection@4 016e9628     kernel32:KERNEL32.dll
 0005:0000062c       __imp__IsDebuggerPresent@0 016e962c     kernel32:KERNEL32.dll
 0005:00000630       __imp__DebugBreak@0        016e9630     kernel32:KERNEL32.dll
 0005:00000634       __imp__WideCharToMultiByte@32 016e9634     kernel32:KERNEL32.dll
 0005:00000638       __imp__lstrlenA@4          016e9638     kernel32:KERNEL32.dll
 0005:0000063c       __imp__GetProcAddress@8    016e963c     kernel32:KERNEL32.dll
 0005:00000640       __imp__LoadLibraryA@4      016e9640     kernel32:KERNEL32.dll
 0005:00000644       __imp__RtlUnwind@16        016e9644     kernel32:KERNEL32.dll
 0005:00000648       __imp__GetLastError@0      016e9648     kernel32:KERNEL32.dll
 0005:0000064c       __imp__GetFullPathNameA@16 016e964c     kernel32:KERNEL32.dll
 0005:00000650       __imp__GetDriveTypeA@4     016e9650     kernel32:KERNEL32.dll
 0005:00000654       __imp__GetCommandLineA@0   016e9654     kernel32:KERNEL32.dll
 0005:00000658       __imp__GetStartupInfoA@4   016e9658     kernel32:KERNEL32.dll
 0005:0000065c       __imp__HeapValidate@12     016e965c     kernel32:KERNEL32.dll
 0005:00000660       __imp__IsBadReadPtr@8      016e9660     kernel32:KERNEL32.dll
 0005:00000664       __imp__TlsGetValue@4       016e9664     kernel32:KERNEL32.dll
 0005:00000668       __imp__GetModuleHandleW@4  016e9668     kernel32:KERNEL32.dll
 0005:0000066c       __imp__TlsAlloc@0          016e966c     kernel32:KERNEL32.dll
 0005:00000670       __imp__TlsSetValue@8       016e9670     kernel32:KERNEL32.dll
 0005:00000674       __imp__GetCurrentThreadId@0 016e9674     kernel32:KERNEL32.dll
 0005:00000678       __imp__TlsFree@4           016e9678     kernel32:KERNEL32.dll
 0005:0000067c       __imp__InterlockedIncrement@4 016e967c     kernel32:KERNEL32.dll
 0005:00000680       __imp__SetLastError@4      016e9680     kernel32:KERNEL32.dll
 0005:00000684       __imp__InterlockedDecrement@4 016e9684     kernel32:KERNEL32.dll
 0005:00000688       __imp__GetCurrentThread@0  016e9688     kernel32:KERNEL32.dll
 0005:0000068c       __imp__GetModuleHandleA@4  016e968c     kernel32:KERNEL32.dll
 0005:00000690       __imp__TerminateProcess@8  016e9690     kernel32:KERNEL32.dll
 0005:00000694       __imp__GetCurrentProcess@0 016e9694     kernel32:KERNEL32.dll
 0005:00000698       __imp__UnhandledExceptionFilter@4 016e9698     kernel32:KERNEL32.dll
 0005:0000069c       __imp__SetUnhandledExceptionFilter@4 016e969c     kernel32:KERNEL32.dll
 0005:000006a0       __imp__GetModuleFileNameW@12 016e96a0     kernel32:KERNEL32.dll
 0005:000006a4       __imp__DeleteCriticalSection@4 016e96a4     kernel32:KERNEL32.dll
 0005:000006a8       __imp__FatalAppExitA@8     016e96a8     kernel32:KERNEL32.dll
 0005:000006ac       __imp__CloseHandle@4       016e96ac     kernel32:KERNEL32.dll
 0005:000006b0       __imp__SetHandleCount@4    016e96b0     kernel32:KERNEL32.dll
 0005:000006b4       __imp__GetStdHandle@4      016e96b4     kernel32:KERNEL32.dll
 0005:000006b8       __imp__GetFileType@4       016e96b8     kernel32:KERNEL32.dll
 0005:000006bc       __imp__Sleep@4             016e96bc     kernel32:KERNEL32.dll
 0005:000006c0       __imp__ExitProcess@4       016e96c0     kernel32:KERNEL32.dll
 0005:000006c4       __imp__FlushFileBuffers@4  016e96c4     kernel32:KERNEL32.dll
 0005:000006c8       __imp__WriteFile@20        016e96c8     kernel32:KERNEL32.dll
 0005:000006cc       __imp__GetConsoleCP@0      016e96cc     kernel32:KERNEL32.dll
 0005:000006d0       __imp__GetConsoleMode@8    016e96d0     kernel32:KERNEL32.dll
 0005:000006d4       __imp__HeapFree@12         016e96d4     kernel32:KERNEL32.dll
 0005:000006d8       __imp__HeapAlloc@12        016e96d8     kernel32:KERNEL32.dll
 0005:000006dc       __imp__GetProcessHeap@0    016e96dc     kernel32:KERNEL32.dll
 0005:000006e0       __imp__VirtualQuery@12     016e96e0     kernel32:KERNEL32.dll
 0005:000006e4       __imp__FreeLibrary@4       016e96e4     kernel32:KERNEL32.dll
 0005:000006e8       __imp__ReadFile@20         016e96e8     kernel32:KERNEL32.dll
 0005:000006ec       __imp__SetFilePointer@16   016e96ec     kernel32:KERNEL32.dll
 0005:000006f0       __imp__GetCurrentDirectoryA@8 016e96f0     kernel32:KERNEL32.dll
 0005:000006f4       __imp__SetCurrentDirectoryA@4 016e96f4     kernel32:KERNEL32.dll
 0005:000006f8       __imp__GetACP@0            016e96f8     kernel32:KERNEL32.dll
 0005:000006fc       __imp__GetOEMCP@0          016e96fc     kernel32:KERNEL32.dll
 0005:00000700       __imp__GetCPInfo@8         016e9700     kernel32:KERNEL32.dll
 0005:00000704       __imp__IsValidCodePage@4   016e9704     kernel32:KERNEL32.dll
 0005:00000708       __imp__LCMapStringA@24     016e9708     kernel32:KERNEL32.dll
 0005:0000070c       __imp__LCMapStringW@24     016e970c     kernel32:KERNEL32.dll
 0005:00000710       __imp__GetCurrentProcessId@0 016e9710     kernel32:KERNEL32.dll
 0005:00000714       __imp__GetModuleFileNameA@12 016e9714     kernel32:KERNEL32.dll
 0005:00000718       __imp__FreeEnvironmentStringsA@4 016e9718     kernel32:KERNEL32.dll
 0005:0000071c       __imp__SetEnvironmentVariableA@8 016e971c     kernel32:KERNEL32.dll
 0005:00000720       \177KERNEL32_NULL_THUNK_DATA 016e9720     kernel32:KERNEL32.dll
 0005:000007a0       __imp__DefWindowProcA@16   016e97a0     user32:USER32.dll
 0005:000007a4       __imp__PostQuitMessage@4   016e97a4     user32:USER32.dll
 0005:000007a8       __imp__EndPaint@8          016e97a8     user32:USER32.dll
 0005:000007ac       __imp__GetWindowRect@8     016e97ac     user32:USER32.dll
 0005:000007b0       __imp__GetAsyncKeyState@4  016e97b0     user32:USER32.dll
 0005:000007b4       __imp__PostMessageA@16     016e97b4     user32:USER32.dll
 0005:000007b8       __imp__ShowCursor@4        016e97b8     user32:USER32.dll
 0005:000007bc       __imp__LoadIconA@8         016e97bc     user32:USER32.dll
 0005:000007c0       __imp__LoadCursorA@8       016e97c0     user32:USER32.dll
 0005:000007c4       __imp__RegisterClassA@4    016e97c4     user32:USER32.dll
 0005:000007c8       __imp__CreateWindowExA@48  016e97c8     user32:USER32.dll
 0005:000007cc       __imp__GetWindowLongA@8    016e97cc     user32:USER32.dll
 0005:000007d0       __imp__GetMenu@4           016e97d0     user32:USER32.dll
 0005:000007d4       __imp__AdjustWindowRectEx@16 016e97d4     user32:USER32.dll
 0005:000007d8       __imp__MoveWindow@24       016e97d8     user32:USER32.dll
 0005:000007dc       __imp__ShowWindow@8        016e97dc     user32:USER32.dll
 0005:000007e0       __imp__SystemParametersInfoA@16 016e97e0     user32:USER32.dll
 0005:000007e4       __imp__PeekMessageA@20     016e97e4     user32:USER32.dll
 0005:000007e8       __imp__TranslateMessage@4  016e97e8     user32:USER32.dll
 0005:000007ec       __imp__DispatchMessageA@4  016e97ec     user32:USER32.dll
 0005:000007f0       __imp__BeginPaint@8        016e97f0     user32:USER32.dll
 0005:000007f4       \177USER32_NULL_THUNK_DATA 016e97f4     user32:USER32.dll
 0005:00000830       __imp__mmioDescend@16      016e9830     WINMM:WINMM.dll
 0005:00000834       __imp__mmioRead@12         016e9834     WINMM:WINMM.dll
 0005:00000838       __imp__mmioClose@8         016e9838     WINMM:WINMM.dll
 0005:0000083c       __imp__mmioOpenA@12        016e983c     WINMM:WINMM.dll
 0005:00000840       __imp__mmioAscend@12       016e9840     WINMM:WINMM.dll
 0005:00000844       \177WINMM_NULL_THUNK_DATA  016e9844     WINMM:WINMM.dll
 0005:00000874       __imp__CoInitialize@4      016e9874     ole32:ole32.dll
 0005:00000878       __imp__CoUninitialize@0    016e9878     ole32:ole32.dll
 0005:0000087c       __imp__CoCreateInstance@20 016e987c     ole32:ole32.dll
 0005:00000880       \177ole32_NULL_THUNK_DATA  016e9880     ole32:ole32.dll

 entry point at        0002:000014f0

